../Drivers/STM32WBxx_HAL_Driver/Inc/stm32wbxx_ll_rcc.h:1679:22:LL_RCC_LSE_SetDriveCapability	1
../Drivers/STM32WBxx_HAL_Driver/Inc/stm32wbxx_ll_bus.h:539:22:LL_AHB2_GRP1_EnableClock	1
../Core/Src/main.c:70:5:_write	1
../Core/Src/main.c:82:5:main	1
../Core/Src/main.c:146:6:SystemClock_Config	3
../Core/Src/main.c:200:6:PeriphCommonClock_Config	2
../Core/Src/main.c:225:13:MX_IPCC_Init	2
../Core/Src/main.c:251:13:MX_RF_Init	1
../Core/Src/main.c:272:13:MX_RTC_Init	3
../Core/Src/main.c:315:13:MX_SPI1_Init	2
../Core/Src/main.c:355:13:MX_USART1_UART_Init	5
../Core/Src/main.c:403:13:MX_GPIO_Init	1
../Core/Src/main.c:469:6:Error_Handler	1
