Archive member included to satisfy reference by file (symbol)

D:/stm/STM32CubeIDE_1.16.0/STM32CubeIDE/plugins/com.st.stm32cube.ide.mcu.externaltools.gnu-tools-for-stm32.12.3.rel1.win32_1.0.200.202406191623/tools/bin/../lib/gcc/arm-none-eabi/12.3.1/../../../../arm-none-eabi/lib/thumb/v7e-m+fp/hard\libc_nano.a(libc_a-exit.o)
                              D:/stm/STM32CubeIDE_1.16.0/STM32CubeIDE/plugins/com.st.stm32cube.ide.mcu.externaltools.gnu-tools-for-stm32.12.3.rel1.win32_1.0.200.202406191623/tools/bin/../lib/gcc/arm-none-eabi/12.3.1/../../../../arm-none-eabi/lib/thumb/v7e-m+fp/hard/crt0.o (exit)
D:/stm/STM32CubeIDE_1.16.0/STM32CubeIDE/plugins/com.st.stm32cube.ide.mcu.externaltools.gnu-tools-for-stm32.12.3.rel1.win32_1.0.200.202406191623/tools/bin/../lib/gcc/arm-none-eabi/12.3.1/../../../../arm-none-eabi/lib/thumb/v7e-m+fp/hard\libc_nano.a(libc_a-findfp.o)
                              D:/stm/STM32CubeIDE_1.16.0/STM32CubeIDE/plugins/com.st.stm32cube.ide.mcu.externaltools.gnu-tools-for-stm32.12.3.rel1.win32_1.0.200.202406191623/tools/bin/../lib/gcc/arm-none-eabi/12.3.1/../../../../arm-none-eabi/lib/thumb/v7e-m+fp/hard\libc_nano.a(libc_a-exit.o) (__stdio_exit_handler)
D:/stm/STM32CubeIDE_1.16.0/STM32CubeIDE/plugins/com.st.stm32cube.ide.mcu.externaltools.gnu-tools-for-stm32.12.3.rel1.win32_1.0.200.202406191623/tools/bin/../lib/gcc/arm-none-eabi/12.3.1/../../../../arm-none-eabi/lib/thumb/v7e-m+fp/hard\libc_nano.a(libc_a-fwalk.o)
                              D:/stm/STM32CubeIDE_1.16.0/STM32CubeIDE/plugins/com.st.stm32cube.ide.mcu.externaltools.gnu-tools-for-stm32.12.3.rel1.win32_1.0.200.202406191623/tools/bin/../lib/gcc/arm-none-eabi/12.3.1/../../../../arm-none-eabi/lib/thumb/v7e-m+fp/hard\libc_nano.a(libc_a-findfp.o) (_fwalk_sglue)
D:/stm/STM32CubeIDE_1.16.0/STM32CubeIDE/plugins/com.st.stm32cube.ide.mcu.externaltools.gnu-tools-for-stm32.12.3.rel1.win32_1.0.200.202406191623/tools/bin/../lib/gcc/arm-none-eabi/12.3.1/../../../../arm-none-eabi/lib/thumb/v7e-m+fp/hard\libc_nano.a(libc_a-printf.o)
                              ./Middlewares/ST/STM32_WPAN/utilities/dbg_trace.o (printf)
D:/stm/STM32CubeIDE_1.16.0/STM32CubeIDE/plugins/com.st.stm32cube.ide.mcu.externaltools.gnu-tools-for-stm32.12.3.rel1.win32_1.0.200.202406191623/tools/bin/../lib/gcc/arm-none-eabi/12.3.1/../../../../arm-none-eabi/lib/thumb/v7e-m+fp/hard\libc_nano.a(libc_a-stdio.o)
                              D:/stm/STM32CubeIDE_1.16.0/STM32CubeIDE/plugins/com.st.stm32cube.ide.mcu.externaltools.gnu-tools-for-stm32.12.3.rel1.win32_1.0.200.202406191623/tools/bin/../lib/gcc/arm-none-eabi/12.3.1/../../../../arm-none-eabi/lib/thumb/v7e-m+fp/hard\libc_nano.a(libc_a-findfp.o) (__sread)
D:/stm/STM32CubeIDE_1.16.0/STM32CubeIDE/plugins/com.st.stm32cube.ide.mcu.externaltools.gnu-tools-for-stm32.12.3.rel1.win32_1.0.200.202406191623/tools/bin/../lib/gcc/arm-none-eabi/12.3.1/../../../../arm-none-eabi/lib/thumb/v7e-m+fp/hard\libc_nano.a(libc_a-vprintf.o)
                              ./Middlewares/ST/STM32_WPAN/utilities/dbg_trace.o (vprintf)
D:/stm/STM32CubeIDE_1.16.0/STM32CubeIDE/plugins/com.st.stm32cube.ide.mcu.externaltools.gnu-tools-for-stm32.12.3.rel1.win32_1.0.200.202406191623/tools/bin/../lib/gcc/arm-none-eabi/12.3.1/../../../../arm-none-eabi/lib/thumb/v7e-m+fp/hard\libc_nano.a(libc_a-memcmp.o)
                              ./Middlewares/ST/STM32_WPAN/ble/core/template/osal.o (memcmp)
D:/stm/STM32CubeIDE_1.16.0/STM32CubeIDE/plugins/com.st.stm32cube.ide.mcu.externaltools.gnu-tools-for-stm32.12.3.rel1.win32_1.0.200.202406191623/tools/bin/../lib/gcc/arm-none-eabi/12.3.1/../../../../arm-none-eabi/lib/thumb/v7e-m+fp/hard\libc_nano.a(libc_a-memset.o)
                              D:/stm/STM32CubeIDE_1.16.0/STM32CubeIDE/plugins/com.st.stm32cube.ide.mcu.externaltools.gnu-tools-for-stm32.12.3.rel1.win32_1.0.200.202406191623/tools/bin/../lib/gcc/arm-none-eabi/12.3.1/../../../../arm-none-eabi/lib/thumb/v7e-m+fp/hard/crt0.o (memset)
D:/stm/STM32CubeIDE_1.16.0/STM32CubeIDE/plugins/com.st.stm32cube.ide.mcu.externaltools.gnu-tools-for-stm32.12.3.rel1.win32_1.0.200.202406191623/tools/bin/../lib/gcc/arm-none-eabi/12.3.1/../../../../arm-none-eabi/lib/thumb/v7e-m+fp/hard\libc_nano.a(libc_a-strrchr.o)
                              ./Middlewares/ST/STM32_WPAN/utilities/dbg_trace.o (strrchr)
D:/stm/STM32CubeIDE_1.16.0/STM32CubeIDE/plugins/com.st.stm32cube.ide.mcu.externaltools.gnu-tools-for-stm32.12.3.rel1.win32_1.0.200.202406191623/tools/bin/../lib/gcc/arm-none-eabi/12.3.1/../../../../arm-none-eabi/lib/thumb/v7e-m+fp/hard\libc_nano.a(libc_a-closer.o)
                              D:/stm/STM32CubeIDE_1.16.0/STM32CubeIDE/plugins/com.st.stm32cube.ide.mcu.externaltools.gnu-tools-for-stm32.12.3.rel1.win32_1.0.200.202406191623/tools/bin/../lib/gcc/arm-none-eabi/12.3.1/../../../../arm-none-eabi/lib/thumb/v7e-m+fp/hard\libc_nano.a(libc_a-stdio.o) (_close_r)
[...]
Memory Configuration

Name             Origin             Length             Attributes
FLASH            0x08000000         0x00080000         xr
RAM              0x20000008         0x0002fff8         xrw
RAM_SHARED       0x20030000         0x00002800         xrw
*default*        0x00000000         0xffffffff

Linker script and memory map

LOAD D:/stm/STM32CubeIDE_1.16.0/STM32CubeIDE/plugins/com.st.stm32cube.ide.mcu.externaltools.gnu-tools-for-stm32.12.3.rel1.win32_1.0.200.202406191623/tools/bin/../lib/gcc/arm-none-eabi/12.3.1/thumb/v7e-m+fp/hard/crti.o
LOAD D:/stm/STM32CubeIDE_1.16.0/STM32CubeIDE/plugins/com.st.stm32cube.ide.mcu.externaltools.gnu-tools-for-stm32.12.3.rel1.win32_1.0.200.202406191623/tools/bin/../lib/gcc/arm-none-eabi/12.3.1/thumb/v7e-m+fp/hard/crtbegin.o
LOAD D:/stm/STM32CubeIDE_1.16.0/STM32CubeIDE/plugins/com.st.stm32cube.ide.mcu.externaltools.gnu-tools-for-stm32.12.3.rel1.win32_1.0.200.202406191623/tools/bin/../lib/gcc/arm-none-eabi/12.3.1/../../../../arm-none-eabi/lib/thumb/v7e-m+fp/hard/crt0.o
LOAD ./Core/Src/app_debug.o
LOAD ./Core/Src/app_entry.o
LOAD ./Core/Src/hw_timerserver.o
LOAD ./Core/Src/main.o
LOAD ./Core/Src/stm32_lpm_if.o
LOAD ./Core/Src/stm32wbxx_hal_msp.o
LOAD ./Core/Src/stm32wbxx_it.o
LOAD ./Core/Src/syscalls.o
LOAD ./Core/Src/sysmem.o
LOAD ./Core/Src/system_stm32wbxx.o
LOAD ./Core/Startup/startup_stm32wb55rgvx.o
LOAD ./Drivers/STM32WBxx_HAL_Driver/Src/stm32wbxx_hal.o
LOAD ./Drivers/STM32WBxx_HAL_Driver/Src/stm32wbxx_hal_cortex.o
LOAD ./Drivers/STM32WBxx_HAL_Driver/Src/stm32wbxx_hal_dma.o
LOAD ./Drivers/STM32WBxx_HAL_Driver/Src/stm32wbxx_hal_dma_ex.o
LOAD ./Drivers/STM32WBxx_HAL_Driver/Src/stm32wbxx_hal_exti.o
LOAD ./Drivers/STM32WBxx_HAL_Driver/Src/stm32wbxx_hal_flash.o
LOAD ./Drivers/STM32WBxx_HAL_Driver/Src/stm32wbxx_hal_flash_ex.o
LOAD ./Drivers/STM32WBxx_HAL_Driver/Src/stm32wbxx_hal_gpio.o
LOAD ./Drivers/STM32WBxx_HAL_Driver/Src/stm32wbxx_hal_hsem.o
LOAD ./Drivers/STM32WBxx_HAL_Driver/Src/stm32wbxx_hal_ipcc.o
LOAD ./Drivers/STM32WBxx_HAL_Driver/Src/stm32wbxx_hal_pwr.o
LOAD ./Drivers/STM32WBxx_HAL_Driver/Src/stm32wbxx_hal_pwr_ex.o
LOAD ./Drivers/STM32WBxx_HAL_Driver/Src/stm32wbxx_hal_rcc.o
LOAD ./Drivers/STM32WBxx_HAL_Driver/Src/stm32wbxx_hal_rcc_ex.o
LOAD ./Drivers/STM32WBxx_HAL_Driver/Src/stm32wbxx_hal_rtc.o
LOAD ./Drivers/STM32WBxx_HAL_Driver/Src/stm32wbxx_hal_rtc_ex.o
LOAD ./Drivers/STM32WBxx_HAL_Driver/Src/stm32wbxx_hal_tim.o
LOAD ./Drivers/STM32WBxx_HAL_Driver/Src/stm32wbxx_hal_tim_ex.o
LOAD ./Drivers/STM32WBxx_HAL_Driver/Src/stm32wbxx_ll_rcc.o
LOAD ./Middlewares/ST/STM32_WPAN/ble/core/auto/ble_events.o
LOAD ./Middlewares/ST/STM32_WPAN/ble/core/auto/ble_gap_aci.o
LOAD ./Middlewares/ST/STM32_WPAN/ble/core/auto/ble_gatt_aci.o
LOAD ./Middlewares/ST/STM32_WPAN/ble/core/auto/ble_hal_aci.o
LOAD ./Middlewares/ST/STM32_WPAN/ble/core/auto/ble_hci_le.o
LOAD ./Middlewares/ST/STM32_WPAN/ble/core/auto/ble_l2cap_aci.o
LOAD ./Middlewares/ST/STM32_WPAN/ble/core/template/osal.o
LOAD ./Middlewares/ST/STM32_WPAN/ble/svc/Src/svc_ctl.o
LOAD ./Middlewares/ST/STM32_WPAN/interface/patterns/ble_thread/shci/shci.o
LOAD ./Middlewares/ST/STM32_WPAN/interface/patterns/ble_thread/tl/hci_tl.o
LOAD ./Middlewares/ST/STM32_WPAN/interface/patterns/ble_thread/tl/hci_tl_if.o
LOAD ./Middlewares/ST/STM32_WPAN/interface/patterns/ble_thread/tl/shci_tl.o
LOAD ./Middlewares/ST/STM32_WPAN/interface/patterns/ble_thread/tl/shci_tl_if.o
LOAD ./Middlewares/ST/STM32_WPAN/interface/patterns/ble_thread/tl/tl_mbox.o
LOAD ./Middlewares/ST/STM32_WPAN/utilities/dbg_trace.o
LOAD ./Middlewares/ST/STM32_WPAN/utilities/otp.o
LOAD ./Middlewares/ST/STM32_WPAN/utilities/stm_list.o
LOAD ./Middlewares/ST/STM32_WPAN/utilities/stm_queue.o
LOAD ./STM32_WPAN/App/app_ble.o
LOAD ./STM32_WPAN/App/custom_app.o
LOAD ./STM32_WPAN/App/custom_stm.o
LOAD ./STM32_WPAN/Target/hw_ipcc.o
LOAD ./Utilities/lpm/tiny_lpm/stm32_lpm.o
LOAD ./Utilities/sequencer/stm32_seq.o
START GROUP
LOAD D:/stm/STM32CubeIDE_1.16.0/STM32CubeIDE/plugins/com.st.stm32cube.ide.mcu.externaltools.gnu-tools-for-stm32.12.3.rel1.win32_1.0.200.202406191623/tools/bin/../lib/gcc/arm-none-eabi/12.3.1/../../../../arm-none-eabi/lib/thumb/v7e-m+fp/hard\libc_nano.a
LOAD D:/stm/STM32CubeIDE_1.16.0/STM32CubeIDE/plugins/com.st.stm32cube.ide.mcu.externaltools.gnu-tools-for-stm32.12.3.rel1.win32_1.0.200.202406191623/tools/bin/../lib/gcc/arm-none-eabi/12.3.1/../../../../arm-none-eabi/lib/thumb/v7e-m+fp/hard\libm.a
END GROUP
START GROUP
LOAD D:/stm/STM32CubeIDE_1.16.0/STM32CubeIDE/plugins/com.st.stm32cube.ide.mcu.externaltools.gnu-tools-for-stm32.12.3.rel1.win32_1.0.200.202406191623/tools/bin/../lib/gcc/arm-none-eabi/12.3.1/thumb/v7e-m+fp/hard\libgcc.a
LOAD D:/stm/STM32CubeIDE_1.16.0/STM32CubeIDE/plugins/com.st.stm32cube.ide.mcu.externaltools.gnu-tools-for-stm32.12.3.rel1.win32_1.0.200.202406191623/tools/bin/../lib/gcc/arm-none-eabi/12.3.1/../../../../arm-none-eabi/lib/thumb/v7e-m+fp/hard\libc_nano.a
END GROUP
START GROUP
LOAD D:/stm/STM32CubeIDE_1.16.0/STM32CubeIDE/plugins/com.st.stm32cube.ide.mcu.externaltools.gnu-tools-for-stm32.12.3.rel1.win32_1.0.200.202406191623/tools/bin/../lib/gcc/arm-none-eabi/12.3.1/thumb/v7e-m+fp/hard\libgcc.a
LOAD D:/stm/STM32CubeIDE_1.16.0/STM32CubeIDE/plugins/com.st.stm32cube.ide.mcu.externaltools.gnu-tools-for-stm32.12.3.rel1.win32_1.0.200.202406191623/tools/bin/../lib/gcc/arm-none-eabi/12.3.1/../../../../arm-none-eabi/lib/thumb/v7e-m+fp/hard\libc_nano.a
LOAD D:/stm/STM32CubeIDE_1.16.0/STM32CubeIDE/plugins/com.st.stm32cube.ide.mcu.externaltools.gnu-tools-for-stm32.12.3.rel1.win32_1.0.200.202406191623/tools/bin/../lib/gcc/arm-none-eabi/12.3.1/../../../../arm-none-eabi/lib/thumb/v7e-m+fp/hard\libnosys.a
END GROUP
START GROUP
LOAD D:/stm/STM32CubeIDE_1.16.0/STM32CubeIDE/plugins/com.st.stm32cube.ide.mcu.externaltools.gnu-tools-for-stm32.12.3.rel1.win32_1.0.200.202406191623/tools/bin/../lib/gcc/arm-none-eabi/12.3.1/thumb/v7e-m+fp/hard\libgcc.a
LOAD D:/stm/STM32CubeIDE_1.16.0/STM32CubeIDE/plugins/com.st.stm32cube.ide.mcu.externaltools.gnu-tools-for-stm32.12.3.rel1.win32_1.0.200.202406191623/tools/bin/../lib/gcc/arm-none-eabi/12.3.1/../../../../arm-none-eabi/lib/thumb/v7e-m+fp/hard\libc_nano.a
LOAD D:/stm/STM32CubeIDE_1.16.0/STM32CubeIDE/plugins/com.st.stm32cube.ide.mcu.externaltools.gnu-tools-for-stm32.12.3.rel1.win32_1.0.200.202406191623/tools/bin/../lib/gcc/arm-none-eabi/12.3.1/../../../../arm-none-eabi/lib/thumb/v7e-m+fp/hard\libnosys.a
END GROUP
LOAD D:/stm/STM32CubeIDE_1.16.0/STM32CubeIDE/plugins/com.st.stm32cube.ide.mcu.externaltools.gnu-tools-for-stm32.12.3.rel1.win32_1.0.200.202406191623/tools/bin/../lib/gcc/arm-none-eabi/12.3.1/thumb/v7e-m+fp/hard/crtend.o
LOAD D:/stm/STM32CubeIDE_1.16.0/STM32CubeIDE/plugins/com.st.stm32cube.ide.mcu.externaltools.gnu-tools-for-stm32.12.3.rel1.win32_1.0.200.202406191623/tools/bin/../lib/gcc/arm-none-eabi/12.3.1/thumb/v7e-m+fp/hard/crtn.o
                0x20030000                        _estack = (ORIGIN (RAM) + LENGTH (RAM))
                0x00000200                        _Min_Heap_Size = 0x200
                0x00000400                        _Min_Stack_Size = 0x400

.isr_vector     0x08000000      0x13c
                0x08000000                        . = ALIGN (0x4)
 *(.isr_vector)
 .isr_vector    0x08000000      0x13c ./Core/Startup/startup_stm32wb55rgvx.o
                0x08000000                g_pfnVectors
                0x0800013c                        . = ALIGN (0x4)

.text           0x0800013c     0x754c
                0x0800013c                        . = ALIGN (0x4)
 *(.text)
 .text          0x0800013c       0x40 D:/stm/STM32CubeIDE_1.16.0/STM32CubeIDE/plugins/com.st.stm32cube.ide.mcu.externaltools.gnu-tools-for-stm32.12.3.rel1.win32_1.0.200.202406191623/tools/bin/../lib/gcc/arm-none-eabi/12.3.1/thumb/v7e-m+fp/hard/crtbegin.o
 .text          0x0800017c       0x10 D:/stm/STM32CubeIDE_1.16.0/STM32CubeIDE/plugins/com.st.stm32cube.ide.mcu.externaltools.gnu-tools-for-stm32.12.3.rel1.win32_1.0.200.202406191623/tools/bin/../lib/gcc/arm-none-eabi/12.3.1/../../../../arm-none-eabi/lib/thumb/v7e-m+fp/hard\libc_nano.a(libc_a-strlen.o)
                0x0800017c                strlen
 *(.text*)
 .text.APPD_EnableCPU2
                0x0800018c       0x38 ./Core/Src/app_debug.o
                0x0800018c                APPD_EnableCPU2
 .text.LL_C2_PWR_SetPowerMode
                0x080001c4       0x2c ./Core/Src/app_entry.o
 .text.LL_EXTI_EnableIT_32_63
                0x080001f0       0x28 ./Core/Src/app_entry.o
 .text.LL_RCC_HSE_SetCapacitorTuning
                0x08000218       0x3c ./Core/Src/app_entry.o
 .text.LL_RCC_SetClkAfterWakeFromStop
                0x08000254       0x28 ./Core/Src/app_entry.o
 .text.LL_DBGMCU_GetDeviceID
                0x0800027c       0x1c ./Core/Src/app_entry.o
 .text.LL_DBGMCU_GetRevisionID
                0x08000298       0x1c ./Core/Src/app_entry.o
 .text.LL_RTC_EnableWriteProtection
                0x080002b4       0x1a ./Core/Src/app_entry.o
 .text.LL_RTC_DisableWriteProtection
                0x080002ce       0x20 ./Core/Src/app_entry.o
 .text.LL_RTC_WAKEUP_SetClock
                0x080002ee       0x26 ./Core/Src/app_entry.o
 .text.MX_APPE_Config
                0x08000314       0x1c ./Core/Src/app_entry.o
                0x08000314                MX_APPE_Config
 .text.MX_APPE_Init
                0x08000330       0x20 ./Core/Src/app_entry.o
                0x08000330                MX_APPE_Init
 .text.Init_Smps
                0x08000350        0xe ./Core/Src/app_entry.o
                0x08000350                Init_Smps
 .text.Init_Exti
                0x0800035e        0xe ./Core/Src/app_entry.o
                0x0800035e                Init_Exti
 .text.Reset_Device
                0x0800036c        0xe ./Core/Src/app_entry.o
 .text.Config_HSE
                0x0800037a       0x28 ./Core/Src/app_entry.o
 .text.System_Init
                0x080003a2       0x14 ./Core/Src/app_entry.o
 *fill*         0x080003b6        0x2 
 .text.Init_Rtc
                0x080003b8       0x20 ./Core/Src/app_entry.o
 .text.SystemPower_Config
                0x080003d8       0x1a ./Core/Src/app_entry.o
 *fill*         0x080003f2        0x2 
 .text.appe_Tl_Init
                0x080003f4       0x6c ./Core/Src/app_entry.o
 .text.APPE_SysStatusNot
                0x08000460       0x16 ./Core/Src/app_entry.o
 *fill*         0x08000476        0x2 
 .text.APPE_SysUserEvtRx
                0x08000478       0x68 ./Core/Src/app_entry.o
 .text.APPE_SysEvtError
                0x080004e0       0x22 ./Core/Src/app_entry.o
 .text.APPE_SysEvtReadyProcessing
                0x08000502       0x88 ./Core/Src/app_entry.o
 .text.MX_APPE_Process
                0x0800058a       0x10 ./Core/Src/app_entry.o
                0x0800058a                MX_APPE_Process
 .text.UTIL_SEQ_Idle
                0x0800059a        0xe ./Core/Src/app_entry.o
                0x0800059a                UTIL_SEQ_Idle
 .text.UTIL_SEQ_EvtIdle
                0x080005a8       0x1a ./Core/Src/app_entry.o
                0x080005a8                UTIL_SEQ_EvtIdle
 .text.shci_notify_asynch_evt
                0x080005c2       0x18 ./Core/Src/app_entry.o
                0x080005c2                shci_notify_asynch_evt
 .text.shci_cmd_resp_release
                0x080005da       0x16 ./Core/Src/app_entry.o
                0x080005da                shci_cmd_resp_release
 .text.shci_cmd_resp_wait
                0x080005f0       0x16 ./Core/Src/app_entry.o
                0x080005f0                shci_cmd_resp_wait
 *fill*         0x08000606        0x2 
 .text.LL_EXTI_EnableIT_0_31
                0x08000608       0x28 ./Core/Src/hw_timerserver.o
 .text.LL_EXTI_EnableRisingTrig_0_31
                0x08000630       0x24 ./Core/Src/hw_timerserver.o
 .text.ReadRtcSsrValue
                0x08000654       0x40 ./Core/Src/hw_timerserver.o
 .text.LinkTimerAfter
                0x08000694       0x8c ./Core/Src/hw_timerserver.o
 .text.LinkTimerBefore
                0x08000720       0xc0 ./Core/Src/hw_timerserver.o
 .text.linkTimer
                0x080007e0      0x154 ./Core/Src/hw_timerserver.o
 .text.UnlinkTimer
                0x08000934      0x108 ./Core/Src/hw_timerserver.o
 .text.ReturnTimeElapsed
                0x08000a3c       0x80 ./Core/Src/hw_timerserver.o
 .text.RestartWakeupCounter
                0x08000abc       0xb0 ./Core/Src/hw_timerserver.o
 .text.RescheduleTimerList
                0x08000b6c      0x134 ./Core/Src/hw_timerserver.o
 .text.HW_TS_RTC_Wakeup_Handler
                0x08000ca0      0x190 ./Core/Src/hw_timerserver.o
                0x08000ca0                HW_TS_RTC_Wakeup_Handler
 .text.HW_TS_Init
                0x08000e30      0x1b4 ./Core/Src/hw_timerserver.o
                0x08000e30                HW_TS_Init
 .text.HW_TS_Stop
                0x08000fe4      0x108 ./Core/Src/hw_timerserver.o
                0x08000fe4                HW_TS_Stop
 .text.HW_TS_Start
                0x080010ec      0x10c ./Core/Src/hw_timerserver.o
                0x080010ec                HW_TS_Start
 .text.HW_TS_RTC_Int_AppNot
                0x080011f8       0x1a ./Core/Src/hw_timerserver.o
                0x080011f8                HW_TS_RTC_Int_AppNot
 .text.LL_RCC_LSE_SetDriveCapability
                0x08001212       0x2c ./Core/Src/main.o
 .text.LL_AHB2_GRP1_EnableClock
                0x0800123e       0x32 ./Core/Src/main.o
 .text.main     0x08001270       0x2e ./Core/Src/main.o
                0x08001270                main
 *fill*         0x0800129e        0x2 
 .text.SystemClock_Config
                0x080012a0       0xc4 ./Core/Src/main.o
                0x080012a0                SystemClock_Config
 .text.PeriphCommonClock_Config
                0x08001364       0x40 ./Core/Src/main.o
                0x08001364                PeriphCommonClock_Config
 .text.MX_IPCC_Init
                0x080013a4       0x28 ./Core/Src/main.o
 .text.MX_RF_Init
                0x080013cc        0xe ./Core/Src/main.o
 *fill*         0x080013da        0x2 
 .text.MX_RTC_Init
                0x080013dc       0x68 ./Core/Src/main.o
 .text.MX_GPIO_Init
                0x08001444       0xd0 ./Core/Src/main.o
 .text.Error_Handler
                0x08001514        0xc ./Core/Src/main.o
                0x08001514                Error_Handler
 .text.LL_RCC_EnableRTC
                0x08001520       0x22 ./Core/Src/stm32wbxx_hal_msp.o
 .text.LL_AHB3_GRP1_EnableClock
                0x08001542       0x32 ./Core/Src/stm32wbxx_hal_msp.o
 .text.LL_APB1_GRP1_EnableClock
                0x08001574       0x32 ./Core/Src/stm32wbxx_hal_msp.o
 .text.HAL_MspInit
                0x080015a6       0x20 ./Core/Src/stm32wbxx_hal_msp.o
                0x080015a6                HAL_MspInit
 *fill*         0x080015c6        0x2 
 .text.HAL_IPCC_MspInit
                0x080015c8       0x48 ./Core/Src/stm32wbxx_hal_msp.o
                0x080015c8                HAL_IPCC_MspInit
 .text.HAL_RTC_MspInit
                0x08001610       0x68 ./Core/Src/stm32wbxx_hal_msp.o
                0x08001610                HAL_RTC_MspInit
 .text.NMI_Handler
                0x08001678        0x8 ./Core/Src/stm32wbxx_it.o
                0x08001678                NMI_Handler
 .text.HardFault_Handler
                0x08001680        0x8 ./Core/Src/stm32wbxx_it.o
                0x08001680                HardFault_Handler
 .text.MemManage_Handler
                0x08001688        0x8 ./Core/Src/stm32wbxx_it.o
                0x08001688                MemManage_Handler
 .text.BusFault_Handler
                0x08001690        0x8 ./Core/Src/stm32wbxx_it.o
                0x08001690                BusFault_Handler
 .text.UsageFault_Handler
                0x08001698        0x8 ./Core/Src/stm32wbxx_it.o
                0x08001698                UsageFault_Handler
 .text.SVC_Handler
                0x080016a0        0xe ./Core/Src/stm32wbxx_it.o
                0x080016a0                SVC_Handler
 .text.DebugMon_Handler
                0x080016ae        0xe ./Core/Src/stm32wbxx_it.o
                0x080016ae                DebugMon_Handler
 .text.PendSV_Handler
                0x080016bc        0xe ./Core/Src/stm32wbxx_it.o
                0x080016bc                PendSV_Handler
 .text.SysTick_Handler
                0x080016ca        0xc ./Core/Src/stm32wbxx_it.o
                0x080016ca                SysTick_Handler
 .text.RTC_WKUP_IRQHandler
                0x080016d6        0xc ./Core/Src/stm32wbxx_it.o
                0x080016d6                RTC_WKUP_IRQHandler
 .text.IPCC_C1_RX_IRQHandler
                0x080016e2        0xc ./Core/Src/stm32wbxx_it.o
                0x080016e2                IPCC_C1_RX_IRQHandler
 .text.IPCC_C1_TX_IRQHandler
                0x080016ee        0xc ./Core/Src/stm32wbxx_it.o
                0x080016ee                IPCC_C1_TX_IRQHandler
 .text.HSEM_IRQHandler
                0x080016fa        0xc ./Core/Src/stm32wbxx_it.o
                0x080016fa                HSEM_IRQHandler
 *fill*         0x08001706        0x2 
 .text.SystemInit
                0x08001708       0xa4 ./Core/Src/system_stm32wbxx.o
                0x08001708                SystemInit
 .text.data_initializers
                0x080017ac       0x18 ./Core/Startup/startup_stm32wb55rgvx.o
 .text.Reset_Handler
                0x080017c4       0x58 ./Core/Startup/startup_stm32wb55rgvx.o
                0x080017c4                Reset_Handler
 .text.Default_Handler
                0x0800181c        0x2 ./Core/Startup/startup_stm32wb55rgvx.o
                0x0800181c                RTC_Alarm_IRQHandler
                0x0800181c                EXTI2_IRQHandler
                0x0800181c                TIM1_CC_IRQHandler
                0x0800181c                TSC_IRQHandler
                0x0800181c                USB_HP_IRQHandler
                0x0800181c                EXTI3_IRQHandler
                0x0800181c                LPTIM2_IRQHandler
                0x0800181c                I2C3_ER_IRQHandler
                0x0800181c                EXTI0_IRQHandler
                0x0800181c                FPU_IRQHandler
                0x0800181c                TIM1_UP_TIM16_IRQHandler
                0x0800181c                AES1_IRQHandler
                0x0800181c                SPI1_IRQHandler
                0x0800181c                PWR_SOTF_BLEACT_802ACT_RFPHASE_IRQHandler
                0x0800181c                DMA2_Channel2_IRQHandler
                0x0800181c                DMA1_Channel4_IRQHandler
                0x0800181c                ADC1_IRQHandler
                0x0800181c                PKA_IRQHandler
                0x0800181c                DMA1_Channel7_IRQHandler
                0x0800181c                LCD_IRQHandler
                0x0800181c                DMA2_Channel1_IRQHandler
                0x0800181c                QUADSPI_IRQHandler
                0x0800181c                I2C1_EV_IRQHandler
                0x0800181c                DMAMUX1_OVR_IRQHandler
                0x0800181c                DMA1_Channel6_IRQHandler
                0x0800181c                DMA2_Channel4_IRQHandler
                0x0800181c                RCC_IRQHandler
                0x0800181c                DMA1_Channel1_IRQHandler
                0x0800181c                Default_Handler
                0x0800181c                DMA2_Channel7_IRQHandler
                0x0800181c                EXTI15_10_IRQHandler
                0x0800181c                C2SEV_PWR_C2H_IRQHandler
                0x0800181c                AES2_IRQHandler
                0x0800181c                I2C3_EV_IRQHandler
                0x0800181c                EXTI9_5_IRQHandler
                0x0800181c                PVD_PVM_IRQHandler
                0x0800181c                SPI2_IRQHandler
                0x0800181c                DMA2_Channel5_IRQHandler
                0x0800181c                CRS_IRQHandler
                0x0800181c                DMA1_Channel5_IRQHandler
                0x0800181c                USB_LP_IRQHandler
                0x0800181c                EXTI4_IRQHandler
                0x0800181c                RNG_IRQHandler
                0x0800181c                TIM1_TRG_COM_TIM17_IRQHandler
                0x0800181c                TAMP_STAMP_LSECSS_IRQHandler
                0x0800181c                DMA1_Channel3_IRQHandler
                0x0800181c                COMP_IRQHandler
                0x0800181c                WWDG_IRQHandler
                0x0800181c                LPUART1_IRQHandler
                0x0800181c                DMA2_Channel6_IRQHandler
                0x0800181c                TIM2_IRQHandler
                0x0800181c                TIM1_BRK_IRQHandler
                0x0800181c                EXTI1_IRQHandler
                0x0800181c                DMA1_Channel2_IRQHandler
                0x0800181c                FLASH_IRQHandler
                0x0800181c                USART1_IRQHandler
                0x0800181c                I2C1_ER_IRQHandler
                0x0800181c                LPTIM1_IRQHandler
                0x0800181c                SAI1_IRQHandler
                0x0800181c                DMA2_Channel3_IRQHandler
 *fill*         0x0800181e        0x2 
 .text.HAL_Init
                0x08001820       0x40 ./Drivers/STM32WBxx_HAL_Driver/Src/stm32wbxx_hal.o
                0x08001820                HAL_Init
 .text.HAL_InitTick
                0x08001860       0x74 ./Drivers/STM32WBxx_HAL_Driver/Src/stm32wbxx_hal.o
                0x08001860                HAL_InitTick
 .text.HAL_IncTick
                0x080018d4       0x28 ./Drivers/STM32WBxx_HAL_Driver/Src/stm32wbxx_hal.o
                0x080018d4                HAL_IncTick
 .text.HAL_GetTick
                0x080018fc       0x18 ./Drivers/STM32WBxx_HAL_Driver/Src/stm32wbxx_hal.o
                0x080018fc                HAL_GetTick
 .text.HAL_GetTickPrio
                0x08001914       0x18 ./Drivers/STM32WBxx_HAL_Driver/Src/stm32wbxx_hal.o
                0x08001914                HAL_GetTickPrio
 .text.__NVIC_SetPriorityGrouping
                0x0800192c       0x48 ./Drivers/STM32WBxx_HAL_Driver/Src/stm32wbxx_hal_cortex.o
 .text.__NVIC_GetPriorityGrouping
                0x08001974       0x1c ./Drivers/STM32WBxx_HAL_Driver/Src/stm32wbxx_hal_cortex.o
 .text.__NVIC_EnableIRQ
                0x08001990       0x3c ./Drivers/STM32WBxx_HAL_Driver/Src/stm32wbxx_hal_cortex.o
 .text.__NVIC_DisableIRQ
                0x080019cc       0x48 ./Drivers/STM32WBxx_HAL_Driver/Src/stm32wbxx_hal_cortex.o
 .text.__NVIC_SetPendingIRQ
                0x08001a14       0x3c ./Drivers/STM32WBxx_HAL_Driver/Src/stm32wbxx_hal_cortex.o
 .text.__NVIC_ClearPendingIRQ
                0x08001a50       0x3c ./Drivers/STM32WBxx_HAL_Driver/Src/stm32wbxx_hal_cortex.o
 .text.__NVIC_SetPriority
                0x08001a8c       0x54 ./Drivers/STM32WBxx_HAL_Driver/Src/stm32wbxx_hal_cortex.o
 .text.NVIC_EncodePriority
                0x08001ae0       0x66 ./Drivers/STM32WBxx_HAL_Driver/Src/stm32wbxx_hal_cortex.o
 *fill*         0x08001b46        0x2 
 .text.SysTick_Config
                0x08001b48       0x44 ./Drivers/STM32WBxx_HAL_Driver/Src/stm32wbxx_hal_cortex.o
 .text.HAL_NVIC_SetPriorityGrouping
                0x08001b8c       0x16 ./Drivers/STM32WBxx_HAL_Driver/Src/stm32wbxx_hal_cortex.o
                0x08001b8c                HAL_NVIC_SetPriorityGrouping
 .text.HAL_NVIC_SetPriority
                0x08001ba2       0x34 ./Drivers/STM32WBxx_HAL_Driver/Src/stm32wbxx_hal_cortex.o
                0x08001ba2                HAL_NVIC_SetPriority
 .text.HAL_NVIC_EnableIRQ
                0x08001bd6       0x1c ./Drivers/STM32WBxx_HAL_Driver/Src/stm32wbxx_hal_cortex.o
                0x08001bd6                HAL_NVIC_EnableIRQ
 .text.HAL_NVIC_DisableIRQ
                0x08001bf2       0x1c ./Drivers/STM32WBxx_HAL_Driver/Src/stm32wbxx_hal_cortex.o
                0x08001bf2                HAL_NVIC_DisableIRQ
 .text.HAL_SYSTICK_Config
                0x08001c0e       0x18 ./Drivers/STM32WBxx_HAL_Driver/Src/stm32wbxx_hal_cortex.o
                0x08001c0e                HAL_SYSTICK_Config
 .text.HAL_NVIC_SetPendingIRQ
                0x08001c26       0x1c ./Drivers/STM32WBxx_HAL_Driver/Src/stm32wbxx_hal_cortex.o
                0x08001c26                HAL_NVIC_SetPendingIRQ
 .text.HAL_NVIC_ClearPendingIRQ
                0x08001c42       0x1c ./Drivers/STM32WBxx_HAL_Driver/Src/stm32wbxx_hal_cortex.o
                0x08001c42                HAL_NVIC_ClearPendingIRQ
 *fill*         0x08001c5e        0x2 
 .text.HAL_GPIO_Init
                0x08001c60      0x2e0 ./Drivers/STM32WBxx_HAL_Driver/Src/stm32wbxx_hal_gpio.o
                0x08001c60                HAL_GPIO_Init
 .text.HAL_GPIO_ReadPin
                0x08001f40       0x30 ./Drivers/STM32WBxx_HAL_Driver/Src/stm32wbxx_hal_gpio.o
                0x08001f40                HAL_GPIO_ReadPin
 .text.HAL_GPIO_WritePin
                0x08001f70       0x30 ./Drivers/STM32WBxx_HAL_Driver/Src/stm32wbxx_hal_gpio.o
                0x08001f70                HAL_GPIO_WritePin
 .text.HAL_GPIO_TogglePin
                0x08001fa0       0x34 ./Drivers/STM32WBxx_HAL_Driver/Src/stm32wbxx_hal_gpio.o
                0x08001fa0                HAL_GPIO_TogglePin
 .text.HAL_HSEM_IRQHandler
                0x08001fd4       0x34 ./Drivers/STM32WBxx_HAL_Driver/Src/stm32wbxx_hal_hsem.o
                0x08001fd4                HAL_HSEM_IRQHandler
 .text.HAL_HSEM_FreeCallback
                0x08002008       0x14 ./Drivers/STM32WBxx_HAL_Driver/Src/stm32wbxx_hal_hsem.o
                0x08002008                HAL_HSEM_FreeCallback
 .text.HAL_IPCC_Init
                0x0800201c       0x64 ./Drivers/STM32WBxx_HAL_Driver/Src/stm32wbxx_hal_ipcc.o
                0x0800201c                HAL_IPCC_Init
 .text.HAL_IPCC_RxCallback
                0x08002080       0x1a ./Drivers/STM32WBxx_HAL_Driver/Src/stm32wbxx_hal_ipcc.o
                0x08002080                HAL_IPCC_RxCallback
 .text.HAL_IPCC_TxCallback
                0x0800209a       0x1a ./Drivers/STM32WBxx_HAL_Driver/Src/stm32wbxx_hal_ipcc.o
                0x0800209a                HAL_IPCC_TxCallback
 .text.IPCC_SetDefaultCallbacks
                0x080020b4       0x4c ./Drivers/STM32WBxx_HAL_Driver/Src/stm32wbxx_hal_ipcc.o
                0x080020b4                IPCC_SetDefaultCallbacks
 .text.IPCC_Reset_Register
                0x08002100       0x28 ./Drivers/STM32WBxx_HAL_Driver/Src/stm32wbxx_hal_ipcc.o
                0x08002100                IPCC_Reset_Register
 .text.HAL_PWR_EnableBkUpAccess
                0x08002128       0x20 ./Drivers/STM32WBxx_HAL_Driver/Src/stm32wbxx_hal_pwr.o
                0x08002128                HAL_PWR_EnableBkUpAccess
 .text.HAL_PWREx_GetVoltageRange
                0x08002148       0x1c ./Drivers/STM32WBxx_HAL_Driver/Src/stm32wbxx_hal_pwr_ex.o
                0x08002148                HAL_PWREx_GetVoltageRange
 .text.LL_RCC_HSE_IsEnabledDiv2
                0x08002164       0x24 ./Drivers/STM32WBxx_HAL_Driver/Src/stm32wbxx_hal_rcc.o
 .text.LL_RCC_HSE_Enable
                0x08002188       0x1e ./Drivers/STM32WBxx_HAL_Driver/Src/stm32wbxx_hal_rcc.o
 .text.LL_RCC_HSE_Disable
                0x080021a6       0x1e ./Drivers/STM32WBxx_HAL_Driver/Src/stm32wbxx_hal_rcc.o
 .text.LL_RCC_HSE_IsReady
                0x080021c4       0x24 ./Drivers/STM32WBxx_HAL_Driver/Src/stm32wbxx_hal_rcc.o
 .text.LL_RCC_HSI_Enable
                0x080021e8       0x1e ./Drivers/STM32WBxx_HAL_Driver/Src/stm32wbxx_hal_rcc.o
 .text.LL_RCC_HSI_Disable
                0x08002206       0x1e ./Drivers/STM32WBxx_HAL_Driver/Src/stm32wbxx_hal_rcc.o
 .text.LL_RCC_HSI_IsReady
                0x08002224       0x24 ./Drivers/STM32WBxx_HAL_Driver/Src/stm32wbxx_hal_rcc.o
 .text.LL_RCC_HSI_SetCalibTrimming
                0x08002248       0x2a ./Drivers/STM32WBxx_HAL_Driver/Src/stm32wbxx_hal_rcc.o
 .text.LL_RCC_HSI48_Enable
                0x08002272       0x22 ./Drivers/STM32WBxx_HAL_Driver/Src/stm32wbxx_hal_rcc.o
 .text.LL_RCC_HSI48_Disable
                0x08002294       0x22 ./Drivers/STM32WBxx_HAL_Driver/Src/stm32wbxx_hal_rcc.o
 .text.LL_RCC_HSI48_IsReady
                0x080022b6       0x24 ./Drivers/STM32WBxx_HAL_Driver/Src/stm32wbxx_hal_rcc.o
 .text.LL_RCC_LSE_Enable
                0x080022da       0x22 ./Drivers/STM32WBxx_HAL_Driver/Src/stm32wbxx_hal_rcc.o
 .text.LL_RCC_LSE_Disable
                0x080022fc       0x22 ./Drivers/STM32WBxx_HAL_Driver/Src/stm32wbxx_hal_rcc.o
 .text.LL_RCC_LSE_EnableBypass
                0x0800231e       0x22 ./Drivers/STM32WBxx_HAL_Driver/Src/stm32wbxx_hal_rcc.o
 .text.LL_RCC_LSE_DisableBypass
                0x08002340       0x22 ./Drivers/STM32WBxx_HAL_Driver/Src/stm32wbxx_hal_rcc.o
 .text.LL_RCC_LSE_IsReady
                0x08002362       0x24 ./Drivers/STM32WBxx_HAL_Driver/Src/stm32wbxx_hal_rcc.o
 .text.LL_RCC_LSI1_Enable
                0x08002386       0x22 ./Drivers/STM32WBxx_HAL_Driver/Src/stm32wbxx_hal_rcc.o
 .text.LL_RCC_LSI1_Disable
                0x080023a8       0x22 ./Drivers/STM32WBxx_HAL_Driver/Src/stm32wbxx_hal_rcc.o
 .text.LL_RCC_LSI1_IsReady
                0x080023ca       0x24 ./Drivers/STM32WBxx_HAL_Driver/Src/stm32wbxx_hal_rcc.o
 .text.LL_RCC_LSI2_Enable
                0x080023ee       0x22 ./Drivers/STM32WBxx_HAL_Driver/Src/stm32wbxx_hal_rcc.o
 .text.LL_RCC_LSI2_Disable
                0x08002410       0x22 ./Drivers/STM32WBxx_HAL_Driver/Src/stm32wbxx_hal_rcc.o
 .text.LL_RCC_LSI2_IsReady
                0x08002432       0x24 ./Drivers/STM32WBxx_HAL_Driver/Src/stm32wbxx_hal_rcc.o
 .text.LL_RCC_LSI2_SetTrimming
                0x08002456       0x2e ./Drivers/STM32WBxx_HAL_Driver/Src/stm32wbxx_hal_rcc.o
 .text.LL_RCC_MSI_Enable
                0x08002484       0x1e ./Drivers/STM32WBxx_HAL_Driver/Src/stm32wbxx_hal_rcc.o
 .text.LL_RCC_MSI_Disable
                0x080024a2       0x1e ./Drivers/STM32WBxx_HAL_Driver/Src/stm32wbxx_hal_rcc.o
 .text.LL_RCC_MSI_IsReady
                0x080024c0       0x22 ./Drivers/STM32WBxx_HAL_Driver/Src/stm32wbxx_hal_rcc.o
 .text.LL_RCC_MSI_SetRange
                0x080024e2       0x28 ./Drivers/STM32WBxx_HAL_Driver/Src/stm32wbxx_hal_rcc.o
 .text.LL_RCC_MSI_GetRange
                0x0800250a       0x2a ./Drivers/STM32WBxx_HAL_Driver/Src/stm32wbxx_hal_rcc.o
 .text.LL_RCC_MSI_SetCalibTrimming
                0x08002534       0x2a ./Drivers/STM32WBxx_HAL_Driver/Src/stm32wbxx_hal_rcc.o
 .text.LL_RCC_SetSysClkSource
                0x0800255e       0x28 ./Drivers/STM32WBxx_HAL_Driver/Src/stm32wbxx_hal_rcc.o
 .text.LL_RCC_GetSysClkSource
                0x08002586       0x18 ./Drivers/STM32WBxx_HAL_Driver/Src/stm32wbxx_hal_rcc.o
 .text.LL_RCC_SetAHBPrescaler
                0x0800259e       0x28 ./Drivers/STM32WBxx_HAL_Driver/Src/stm32wbxx_hal_rcc.o
 .text.LL_C2_RCC_SetAHBPrescaler
                0x080025c6       0x2c ./Drivers/STM32WBxx_HAL_Driver/Src/stm32wbxx_hal_rcc.o
 .text.LL_RCC_SetAHB4Prescaler
                0x080025f2       0x2e ./Drivers/STM32WBxx_HAL_Driver/Src/stm32wbxx_hal_rcc.o
 .text.LL_RCC_SetAPB1Prescaler
                0x08002620       0x28 ./Drivers/STM32WBxx_HAL_Driver/Src/stm32wbxx_hal_rcc.o
 .text.LL_RCC_SetAPB2Prescaler
                0x08002648       0x28 ./Drivers/STM32WBxx_HAL_Driver/Src/stm32wbxx_hal_rcc.o
 .text.LL_RCC_GetAHBPrescaler
                0x08002670       0x18 ./Drivers/STM32WBxx_HAL_Driver/Src/stm32wbxx_hal_rcc.o
 .text.LL_RCC_GetAHB4Prescaler
                0x08002688       0x1c ./Drivers/STM32WBxx_HAL_Driver/Src/stm32wbxx_hal_rcc.o
 .text.LL_RCC_PLL_Enable
                0x080026a4       0x1e ./Drivers/STM32WBxx_HAL_Driver/Src/stm32wbxx_hal_rcc.o
 .text.LL_RCC_PLL_Disable
                0x080026c2       0x1e ./Drivers/STM32WBxx_HAL_Driver/Src/stm32wbxx_hal_rcc.o
 .text.LL_RCC_PLL_IsReady
                0x080026e0       0x24 ./Drivers/STM32WBxx_HAL_Driver/Src/stm32wbxx_hal_rcc.o
 .text.LL_RCC_PLL_GetN
                0x08002704       0x1a ./Drivers/STM32WBxx_HAL_Driver/Src/stm32wbxx_hal_rcc.o
 .text.LL_RCC_PLL_GetR
                0x0800271e       0x18 ./Drivers/STM32WBxx_HAL_Driver/Src/stm32wbxx_hal_rcc.o
 .text.LL_RCC_PLL_GetDivider
                0x08002736       0x18 ./Drivers/STM32WBxx_HAL_Driver/Src/stm32wbxx_hal_rcc.o
 .text.LL_RCC_PLL_GetMainSource
                0x0800274e       0x18 ./Drivers/STM32WBxx_HAL_Driver/Src/stm32wbxx_hal_rcc.o
 .text.LL_RCC_IsActiveFlag_HPRE
                0x08002766       0x24 ./Drivers/STM32WBxx_HAL_Driver/Src/stm32wbxx_hal_rcc.o
 .text.LL_RCC_IsActiveFlag_C2HPRE
                0x0800278a       0x26 ./Drivers/STM32WBxx_HAL_Driver/Src/stm32wbxx_hal_rcc.o
 .text.LL_RCC_IsActiveFlag_SHDHPRE
                0x080027b0       0x26 ./Drivers/STM32WBxx_HAL_Driver/Src/stm32wbxx_hal_rcc.o
 .text.LL_RCC_IsActiveFlag_PPRE1
                0x080027d6       0x24 ./Drivers/STM32WBxx_HAL_Driver/Src/stm32wbxx_hal_rcc.o
 .text.LL_RCC_IsActiveFlag_PPRE2
                0x080027fa       0x24 ./Drivers/STM32WBxx_HAL_Driver/Src/stm32wbxx_hal_rcc.o
 *fill*         0x0800281e        0x2 
 .text.HAL_RCC_OscConfig
                0x08002820      0x6e8 ./Drivers/STM32WBxx_HAL_Driver/Src/stm32wbxx_hal_rcc.o
                0x08002820                HAL_RCC_OscConfig
 .text.HAL_RCC_ClockConfig
                0x08002f08      0x280 ./Drivers/STM32WBxx_HAL_Driver/Src/stm32wbxx_hal_rcc.o
                0x08002f08                HAL_RCC_ClockConfig
 .text.HAL_RCC_GetSysClockFreq
                0x08003188       0xd8 ./Drivers/STM32WBxx_HAL_Driver/Src/stm32wbxx_hal_rcc.o
                0x08003188                HAL_RCC_GetSysClockFreq
 .text.HAL_RCC_GetHCLKFreq
                0x08003260       0x28 ./Drivers/STM32WBxx_HAL_Driver/Src/stm32wbxx_hal_rcc.o
                0x08003260                HAL_RCC_GetHCLKFreq
 .text.RCC_SetFlashLatencyFromMSIRange
                0x08003288       0x70 ./Drivers/STM32WBxx_HAL_Driver/Src/stm32wbxx_hal_rcc.o
 .text.RCC_SetFlashLatency
                0x080032f8       0xf8 ./Drivers/STM32WBxx_HAL_Driver/Src/stm32wbxx_hal_rcc.o
 .text.LL_RCC_LSE_IsEnabled
                0x080033f0       0x24 ./Drivers/STM32WBxx_HAL_Driver/Src/stm32wbxx_hal_rcc_ex.o
 .text.LL_RCC_LSE_IsReady
                0x08003414       0x24 ./Drivers/STM32WBxx_HAL_Driver/Src/stm32wbxx_hal_rcc_ex.o
 .text.LL_RCC_SetRFWKPClockSource
                0x08003438       0x2c ./Drivers/STM32WBxx_HAL_Driver/Src/stm32wbxx_hal_rcc_ex.o
 .text.LL_RCC_SetSMPSClockSource
                0x08003464       0x28 ./Drivers/STM32WBxx_HAL_Driver/Src/stm32wbxx_hal_rcc_ex.o
 .text.LL_RCC_SetSMPSPrescaler
                0x0800348c       0x28 ./Drivers/STM32WBxx_HAL_Driver/Src/stm32wbxx_hal_rcc_ex.o
 .text.LL_RCC_SetUSARTClockSource
                0x080034b4       0x2c ./Drivers/STM32WBxx_HAL_Driver/Src/stm32wbxx_hal_rcc_ex.o
 .text.LL_RCC_SetLPUARTClockSource
                0x080034e0       0x2c ./Drivers/STM32WBxx_HAL_Driver/Src/stm32wbxx_hal_rcc_ex.o
 .text.LL_RCC_SetI2CClockSource
                0x0800350c       0x3a ./Drivers/STM32WBxx_HAL_Driver/Src/stm32wbxx_hal_rcc_ex.o
 .text.LL_RCC_SetLPTIMClockSource
                0x08003546       0x34 ./Drivers/STM32WBxx_HAL_Driver/Src/stm32wbxx_hal_rcc_ex.o
 .text.LL_RCC_SetSAIClockSource
                0x0800357a       0x2c ./Drivers/STM32WBxx_HAL_Driver/Src/stm32wbxx_hal_rcc_ex.o
 .text.LL_RCC_SetRNGClockSource
                0x080035a6       0x2c ./Drivers/STM32WBxx_HAL_Driver/Src/stm32wbxx_hal_rcc_ex.o
 .text.LL_RCC_SetCLK48ClockSource
                0x080035d2       0x2c ./Drivers/STM32WBxx_HAL_Driver/Src/stm32wbxx_hal_rcc_ex.o
 .text.LL_RCC_SetUSBClockSource
                0x080035fe       0x16 ./Drivers/STM32WBxx_HAL_Driver/Src/stm32wbxx_hal_rcc_ex.o
 .text.LL_RCC_SetADCClockSource
                0x08003614       0x2c ./Drivers/STM32WBxx_HAL_Driver/Src/stm32wbxx_hal_rcc_ex.o
 .text.LL_RCC_SetRTCClockSource
                0x08003640       0x2c ./Drivers/STM32WBxx_HAL_Driver/Src/stm32wbxx_hal_rcc_ex.o
 .text.LL_RCC_GetRTCClockSource
                0x0800366c       0x1a ./Drivers/STM32WBxx_HAL_Driver/Src/stm32wbxx_hal_rcc_ex.o
 .text.LL_RCC_ForceBackupDomainReset
                0x08003686       0x22 ./Drivers/STM32WBxx_HAL_Driver/Src/stm32wbxx_hal_rcc_ex.o
 .text.LL_RCC_ReleaseBackupDomainReset
                0x080036a8       0x22 ./Drivers/STM32WBxx_HAL_Driver/Src/stm32wbxx_hal_rcc_ex.o
 .text.LL_RCC_PLLSAI1_Enable
                0x080036ca       0x1e ./Drivers/STM32WBxx_HAL_Driver/Src/stm32wbxx_hal_rcc_ex.o
 .text.LL_RCC_PLLSAI1_Disable
                0x080036e8       0x1e ./Drivers/STM32WBxx_HAL_Driver/Src/stm32wbxx_hal_rcc_ex.o
 .text.LL_RCC_PLLSAI1_IsReady
                0x08003706       0x24 ./Drivers/STM32WBxx_HAL_Driver/Src/stm32wbxx_hal_rcc_ex.o
 .text.HAL_RCCEx_PeriphCLKConfig
                0x0800372a      0x2ec ./Drivers/STM32WBxx_HAL_Driver/Src/stm32wbxx_hal_rcc_ex.o
                0x0800372a                HAL_RCCEx_PeriphCLKConfig
 .text.RCCEx_PLLSAI1_ConfigNP
                0x08003a16       0xb6 ./Drivers/STM32WBxx_HAL_Driver/Src/stm32wbxx_hal_rcc_ex.o
 .text.RCCEx_PLLSAI1_ConfigNQ
                0x08003acc       0xb6 ./Drivers/STM32WBxx_HAL_Driver/Src/stm32wbxx_hal_rcc_ex.o
 .text.RCCEx_PLLSAI1_ConfigNR
                0x08003b82       0xb6 ./Drivers/STM32WBxx_HAL_Driver/Src/stm32wbxx_hal_rcc_ex.o
 .text.HAL_RTC_Init
                0x08003c38      0x160 ./Drivers/STM32WBxx_HAL_Driver/Src/stm32wbxx_hal_rtc.o
                0x08003c38                HAL_RTC_Init
 .text.HAL_RTC_WaitForSynchro
                0x08003d98       0x4c ./Drivers/STM32WBxx_HAL_Driver/Src/stm32wbxx_hal_rtc.o
                0x08003d98                HAL_RTC_WaitForSynchro
 .text.RTC_EnterInitMode
                0x08003de4       0x54 ./Drivers/STM32WBxx_HAL_Driver/Src/stm32wbxx_hal_rtc.o
                0x08003de4                RTC_EnterInitMode
 .text.HAL_RTCEx_SetWakeUpTimer_IT
                0x08003e38      0x178 ./Drivers/STM32WBxx_HAL_Driver/Src/stm32wbxx_hal_rtc_ex.o
                0x08003e38                HAL_RTCEx_SetWakeUpTimer_IT
 .text.aci_gap_set_non_discoverable
                0x08003fb0       0x48 ./Middlewares/ST/STM32_WPAN/ble/core/auto/ble_gap_aci.o
                0x08003fb0                aci_gap_set_non_discoverable
 .text.aci_gap_set_discoverable
                0x08003ff8      0x1f4 ./Middlewares/ST/STM32_WPAN/ble/core/auto/ble_gap_aci.o
                0x08003ff8                aci_gap_set_discoverable
 .text.aci_gap_set_io_capability
                0x080041ec       0xa8 ./Middlewares/ST/STM32_WPAN/ble/core/auto/ble_gap_aci.o
                0x080041ec                aci_gap_set_io_capability
 .text.aci_gap_set_authentication_requirement
                0x08004294      0x188 ./Middlewares/ST/STM32_WPAN/ble/core/auto/ble_gap_aci.o
                0x08004294                aci_gap_set_authentication_requirement
 .text.aci_gap_pass_key_resp
                0x0800441c       0xce ./Middlewares/ST/STM32_WPAN/ble/core/auto/ble_gap_aci.o
                0x0800441c                aci_gap_pass_key_resp
 .text.aci_gap_init
                0x080044ea      0x15a ./Middlewares/ST/STM32_WPAN/ble/core/auto/ble_gap_aci.o
                0x080044ea                aci_gap_init
 .text.aci_gap_update_adv_data
                0x08004644       0xe4 ./Middlewares/ST/STM32_WPAN/ble/core/auto/ble_gap_aci.o
                0x08004644                aci_gap_update_adv_data
 .text.aci_gap_configure_filter_accept_list
                0x08004728       0x48 ./Middlewares/ST/STM32_WPAN/ble/core/auto/ble_gap_aci.o
                0x08004728                aci_gap_configure_filter_accept_list
 .text.aci_gap_numeric_comparison_value_confirm_yesno
                0x08004770       0xce ./Middlewares/ST/STM32_WPAN/ble/core/auto/ble_gap_aci.o
                0x08004770                aci_gap_numeric_comparison_value_confirm_yesno
 .text.aci_gatt_init
                0x0800483e       0x4a ./Middlewares/ST/STM32_WPAN/ble/core/auto/ble_gatt_aci.o
                0x0800483e                aci_gatt_init
 .text.aci_gatt_add_service
                0x08004888      0x1ac ./Middlewares/ST/STM32_WPAN/ble/core/auto/ble_gatt_aci.o
                0x08004888                aci_gatt_add_service
 .text.aci_gatt_add_char
                0x08004a34      0x210 ./Middlewares/ST/STM32_WPAN/ble/core/auto/ble_gatt_aci.o
                0x08004a34                aci_gatt_add_char
 .text.aci_gatt_update_char_value
                0x08004c44      0x152 ./Middlewares/ST/STM32_WPAN/ble/core/auto/ble_gatt_aci.o
                0x08004c44                aci_gatt_update_char_value
 .text.aci_gatt_confirm_indication
                0x08004d96       0xaa ./Middlewares/ST/STM32_WPAN/ble/core/auto/ble_gatt_aci.o
                0x08004d96                aci_gatt_confirm_indication
 .text.aci_hal_write_config_data
                0x08004e40      0x10a ./Middlewares/ST/STM32_WPAN/ble/core/auto/ble_hal_aci.o
                0x08004e40                aci_hal_write_config_data
 .text.aci_hal_set_tx_power_level
                0x08004f4a       0xce ./Middlewares/ST/STM32_WPAN/ble/core/auto/ble_hal_aci.o
                0x08004f4a                aci_hal_set_tx_power_level
 .text.aci_hal_set_radio_activity_mask
                0x08005018       0xa8 ./Middlewares/ST/STM32_WPAN/ble/core/auto/ble_hal_aci.o
                0x08005018                aci_hal_set_radio_activity_mask
 .text.hci_reset
                0x080050c0       0x48 ./Middlewares/ST/STM32_WPAN/ble/core/auto/ble_hci_le.o
                0x080050c0                hci_reset
 .text.hci_le_set_default_phy
                0x08005108       0xfa ./Middlewares/ST/STM32_WPAN/ble/core/auto/ble_hci_le.o
                0x08005108                hci_le_set_default_phy
 .text.Osal_MemCpy
                0x08005202       0x20 ./Middlewares/ST/STM32_WPAN/ble/core/template/osal.o
                0x08005202                Osal_MemCpy
 .text.Osal_MemSet
                0x08005222       0x20 ./Middlewares/ST/STM32_WPAN/ble/core/template/osal.o
                0x08005222                Osal_MemSet
 .text.BAS_Init
                0x08005242        0xe ./Middlewares/ST/STM32_WPAN/ble/svc/Src/svc_ctl.o
                0x08005242                BAS_Init
 .text.BLS_Init
                0x08005250        0xe ./Middlewares/ST/STM32_WPAN/ble/svc/Src/svc_ctl.o
                0x08005250                BLS_Init
 .text.CRS_STM_Init
                0x0800525e        0xe ./Middlewares/ST/STM32_WPAN/ble/svc/Src/svc_ctl.o
                0x0800525e                CRS_STM_Init
 .text.DIS_Init
                0x0800526c        0xe ./Middlewares/ST/STM32_WPAN/ble/svc/Src/svc_ctl.o
                0x0800526c                DIS_Init
 .text.EDS_STM_Init
                0x0800527a        0xe ./Middlewares/ST/STM32_WPAN/ble/svc/Src/svc_ctl.o
                0x0800527a                EDS_STM_Init
 .text.HIDS_Init
                0x08005288        0xe ./Middlewares/ST/STM32_WPAN/ble/svc/Src/svc_ctl.o
                0x08005288                HIDS_Init
 .text.HRS_Init
                0x08005296        0xe ./Middlewares/ST/STM32_WPAN/ble/svc/Src/svc_ctl.o
                0x08005296                HRS_Init
 .text.HTS_Init
                0x080052a4        0xe ./Middlewares/ST/STM32_WPAN/ble/svc/Src/svc_ctl.o
                0x080052a4                HTS_Init
 .text.IAS_Init
                0x080052b2        0xe ./Middlewares/ST/STM32_WPAN/ble/svc/Src/svc_ctl.o
                0x080052b2                IAS_Init
 .text.LLS_Init
                0x080052c0        0xe ./Middlewares/ST/STM32_WPAN/ble/svc/Src/svc_ctl.o
                0x080052c0                LLS_Init
 .text.TPS_Init
                0x080052ce        0xe ./Middlewares/ST/STM32_WPAN/ble/svc/Src/svc_ctl.o
                0x080052ce                TPS_Init
 .text.MOTENV_STM_Init
                0x080052dc        0xe ./Middlewares/ST/STM32_WPAN/ble/svc/Src/svc_ctl.o
                0x080052dc                MOTENV_STM_Init
 .text.P2PS_STM_Init
                0x080052ea        0xe ./Middlewares/ST/STM32_WPAN/ble/svc/Src/svc_ctl.o
                0x080052ea                P2PS_STM_Init
 .text.ZDD_STM_Init
                0x080052f8        0xe ./Middlewares/ST/STM32_WPAN/ble/svc/Src/svc_ctl.o
                0x080052f8                ZDD_STM_Init
 .text.OTAS_STM_Init
                0x08005306        0xe ./Middlewares/ST/STM32_WPAN/ble/svc/Src/svc_ctl.o
                0x08005306                OTAS_STM_Init
 .text.MESH_Init
                0x08005314        0xe ./Middlewares/ST/STM32_WPAN/ble/svc/Src/svc_ctl.o
                0x08005314                MESH_Init
 .text.BVOPUS_STM_Init
                0x08005322        0xe ./Middlewares/ST/STM32_WPAN/ble/svc/Src/svc_ctl.o
                0x08005322                BVOPUS_STM_Init
 .text.SVCCTL_Init
                0x08005330       0x20 ./Middlewares/ST/STM32_WPAN/ble/svc/Src/svc_ctl.o
                0x08005330                SVCCTL_Init
 .text.SVCCTL_SvcInit
                0x08005350       0x50 ./Middlewares/ST/STM32_WPAN/ble/svc/Src/svc_ctl.o
                0x08005350                SVCCTL_SvcInit
 .text.SVCCTL_RegisterSvcHandler
                0x080053a0       0x34 ./Middlewares/ST/STM32_WPAN/ble/svc/Src/svc_ctl.o
                0x080053a0                SVCCTL_RegisterSvcHandler
 .text.SVCCTL_UserEvtRx
                0x080053d4       0xa8 ./Middlewares/ST/STM32_WPAN/ble/svc/Src/svc_ctl.o
                0x080053d4                SVCCTL_UserEvtRx
 .text.SHCI_C2_BLE_Init
                0x0800547c       0x2e ./Middlewares/ST/STM32_WPAN/interface/patterns/ble_thread/shci/shci.o
                0x0800547c                SHCI_C2_BLE_Init
 .text.SHCI_C2_DEBUG_Init
                0x080054aa       0x2e ./Middlewares/ST/STM32_WPAN/interface/patterns/ble_thread/shci/shci.o
                0x080054aa                SHCI_C2_DEBUG_Init
 .text.SHCI_C2_Config
                0x080054d8       0x2a ./Middlewares/ST/STM32_WPAN/interface/patterns/ble_thread/shci/shci.o
                0x080054d8                SHCI_C2_Config
 *fill*         0x08005502        0x2 
 .text.SHCI_GetWirelessFwInfo
                0x08005504      0x15c ./Middlewares/ST/STM32_WPAN/interface/patterns/ble_thread/shci/shci.o
                0x08005504                SHCI_GetWirelessFwInfo
 .text.hci_init
                0x08005660       0x38 ./Middlewares/ST/STM32_WPAN/interface/patterns/ble_thread/tl/hci_tl.o
                0x08005660                hci_init
 .text.hci_user_evt_proc
                0x08005698       0x9c ./Middlewares/ST/STM32_WPAN/interface/patterns/ble_thread/tl/hci_tl.o
                0x08005698                hci_user_evt_proc
 .text.hci_send_req
                0x08005734      0x108 ./Middlewares/ST/STM32_WPAN/interface/patterns/ble_thread/tl/hci_tl.o
                0x08005734                hci_send_req
 .text.TlInit   0x0800583c       0x60 ./Middlewares/ST/STM32_WPAN/interface/patterns/ble_thread/tl/hci_tl.o
 .text.SendCmd  0x0800589c       0x4c ./Middlewares/ST/STM32_WPAN/interface/patterns/ble_thread/tl/hci_tl.o
 .text.NotifyCmdStatus
                0x080058e8       0x40 ./Middlewares/ST/STM32_WPAN/interface/patterns/ble_thread/tl/hci_tl.o
 .text.TlEvtReceived
                0x08005928       0x48 ./Middlewares/ST/STM32_WPAN/interface/patterns/ble_thread/tl/hci_tl.o
 .text.hci_register_io_bus
                0x08005970       0x28 ./Middlewares/ST/STM32_WPAN/interface/patterns/ble_thread/tl/hci_tl_if.o
                0x08005970                hci_register_io_bus
 .text.shci_init
                0x08005998       0x38 ./Middlewares/ST/STM32_WPAN/interface/patterns/ble_thread/tl/shci_tl.o
                0x08005998                shci_init
 .text.shci_user_evt_proc
                0x080059d0       0x9c ./Middlewares/ST/STM32_WPAN/interface/patterns/ble_thread/tl/shci_tl.o
                0x080059d0                shci_user_evt_proc
 .text.shci_send
                0x08005a6c       0x84 ./Middlewares/ST/STM32_WPAN/interface/patterns/ble_thread/tl/shci_tl.o
                0x08005a6c                shci_send
 .text.TlInit   0x08005af0       0x64 ./Middlewares/ST/STM32_WPAN/interface/patterns/ble_thread/tl/shci_tl.o
 .text.Cmd_SetStatus
                0x08005b54       0x50 ./Middlewares/ST/STM32_WPAN/interface/patterns/ble_thread/tl/shci_tl.o
 .text.TlCmdEvtReceived
                0x08005ba4       0x16 ./Middlewares/ST/STM32_WPAN/interface/patterns/ble_thread/tl/shci_tl.o
 *fill*         0x08005bba        0x2 
 .text.TlUserEvtReceived
                0x08005bbc       0x24 ./Middlewares/ST/STM32_WPAN/interface/patterns/ble_thread/tl/shci_tl.o
 .text.shci_register_io_bus
                0x08005be0       0x28 ./Middlewares/ST/STM32_WPAN/interface/patterns/ble_thread/tl/shci_tl_if.o
                0x08005be0                shci_register_io_bus
 .text.TL_Enable
                0x08005c08        0xc ./Middlewares/ST/STM32_WPAN/interface/patterns/ble_thread/tl/tl_mbox.o
                0x08005c08                TL_Enable
 .text.TL_Init  0x08005c14       0x74 ./Middlewares/ST/STM32_WPAN/interface/patterns/ble_thread/tl/tl_mbox.o
                0x08005c14                TL_Init
 .text.TL_BLE_Init
                0x08005c88       0x68 ./Middlewares/ST/STM32_WPAN/interface/patterns/ble_thread/tl/tl_mbox.o
                0x08005c88                TL_BLE_Init
 .text.TL_BLE_SendCmd
                0x08005cf0       0x38 ./Middlewares/ST/STM32_WPAN/interface/patterns/ble_thread/tl/tl_mbox.o
                0x08005cf0                TL_BLE_SendCmd
 .text.HW_IPCC_BLE_RxEvtNot
                0x08005d28       0x60 ./Middlewares/ST/STM32_WPAN/interface/patterns/ble_thread/tl/tl_mbox.o
                0x08005d28                HW_IPCC_BLE_RxEvtNot
 .text.HW_IPCC_BLE_AclDataAckNot
                0x08005d88       0x14 ./Middlewares/ST/STM32_WPAN/interface/patterns/ble_thread/tl/tl_mbox.o
                0x08005d88                HW_IPCC_BLE_AclDataAckNot
 .text.TL_SYS_Init
                0x08005d9c       0x54 ./Middlewares/ST/STM32_WPAN/interface/patterns/ble_thread/tl/tl_mbox.o
                0x08005d9c                TL_SYS_Init
 .text.TL_SYS_SendCmd
                0x08005df0       0x38 ./Middlewares/ST/STM32_WPAN/interface/patterns/ble_thread/tl/tl_mbox.o
                0x08005df0                TL_SYS_SendCmd
 .text.HW_IPCC_SYS_CmdEvtNot
                0x08005e28       0x2c ./Middlewares/ST/STM32_WPAN/interface/patterns/ble_thread/tl/tl_mbox.o
                0x08005e28                HW_IPCC_SYS_CmdEvtNot
 .text.HW_IPCC_SYS_EvtNot
                0x08005e54       0x44 ./Middlewares/ST/STM32_WPAN/interface/patterns/ble_thread/tl/tl_mbox.o
                0x08005e54                HW_IPCC_SYS_EvtNot
 .text.TL_MM_Init
                0x08005e98       0x78 ./Middlewares/ST/STM32_WPAN/interface/patterns/ble_thread/tl/tl_mbox.o
                0x08005e98                TL_MM_Init
 .text.TL_MM_EvtDone
                0x08005f10       0x30 ./Middlewares/ST/STM32_WPAN/interface/patterns/ble_thread/tl/tl_mbox.o
                0x08005f10                TL_MM_EvtDone
 .text.SendFreeBuf
                0x08005f40       0x40 ./Middlewares/ST/STM32_WPAN/interface/patterns/ble_thread/tl/tl_mbox.o
 .text.TL_TRACES_Init
                0x08005f80       0x24 ./Middlewares/ST/STM32_WPAN/interface/patterns/ble_thread/tl/tl_mbox.o
                0x08005f80                TL_TRACES_Init
 .text.HW_IPCC_TRACES_EvtNot
                0x08005fa4       0x34 ./Middlewares/ST/STM32_WPAN/interface/patterns/ble_thread/tl/tl_mbox.o
                0x08005fa4                HW_IPCC_TRACES_EvtNot
 .text.TL_TRACES_EvtReceived
                0x08005fd8       0x14 ./Middlewares/ST/STM32_WPAN/interface/patterns/ble_thread/tl/tl_mbox.o
                0x08005fd8                TL_TRACES_EvtReceived
 .text.OutputDbgTrace
                0x08005fec       0xac ./Middlewares/ST/STM32_WPAN/interface/patterns/ble_thread/tl/tl_mbox.o
 .text.OTP_Read
                0x08006098       0x50 ./Middlewares/ST/STM32_WPAN/utilities/otp.o
                0x08006098                OTP_Read
 .text.LST_init_head
                0x080060e8       0x20 ./Middlewares/ST/STM32_WPAN/utilities/stm_list.o
                0x080060e8                LST_init_head
 .text.LST_is_empty
                0x08006108       0x44 ./Middlewares/ST/STM32_WPAN/utilities/stm_list.o
                0x08006108                LST_is_empty
 .text.LST_insert_head
                0x0800614c       0x4c ./Middlewares/ST/STM32_WPAN/utilities/stm_list.o
                0x0800614c                LST_insert_head
 .text.LST_insert_tail
                0x08006198       0x4c ./Middlewares/ST/STM32_WPAN/utilities/stm_list.o
                0x08006198                LST_insert_tail
 .text.LST_remove_node
                0x080061e4       0x42 ./Middlewares/ST/STM32_WPAN/utilities/stm_list.o
                0x080061e4                LST_remove_node
 .text.LST_remove_head
                0x08006226       0x3e ./Middlewares/ST/STM32_WPAN/utilities/stm_list.o
                0x08006226                LST_remove_head
 .text.LL_FLASH_GetUDN
                0x08006264       0x18 ./STM32_WPAN/App/app_ble.o
 .text.LL_FLASH_GetDeviceID
                0x0800627c       0x18 ./STM32_WPAN/App/app_ble.o
 .text.LL_FLASH_GetSTCompanyID
                0x08006294       0x18 ./STM32_WPAN/App/app_ble.o
 .text.APP_BLE_Init
                0x080062ac       0xc8 ./STM32_WPAN/App/app_ble.o
                0x080062ac                APP_BLE_Init
 .text.SVCCTL_App_Notification
                0x08006374      0x19c ./STM32_WPAN/App/app_ble.o
                0x08006374                SVCCTL_App_Notification
 .text.Ble_Tl_Init
                0x08006510       0x2c ./STM32_WPAN/App/app_ble.o
 .text.Ble_Hci_Gap_Gatt_Init
                0x0800653c      0x168 ./STM32_WPAN/App/app_ble.o
 .text.Adv_Request
                0x080066a4       0x60 ./STM32_WPAN/App/app_ble.o
 .text.BleGetBdAddress
                0x08006704       0x88 ./STM32_WPAN/App/app_ble.o
 .text.Adv_Cancel
                0x0800678c       0x34 ./STM32_WPAN/App/app_ble.o
 .text.hci_notify_asynch_evt
                0x080067c0       0x18 ./STM32_WPAN/App/app_ble.o
                0x080067c0                hci_notify_asynch_evt
 .text.hci_cmd_resp_release
                0x080067d8       0x16 ./STM32_WPAN/App/app_ble.o
                0x080067d8                hci_cmd_resp_release
 .text.hci_cmd_resp_wait
                0x080067ee       0x16 ./STM32_WPAN/App/app_ble.o
                0x080067ee                hci_cmd_resp_wait
 .text.BLE_UserEvtRx
                0x08006804       0x38 ./STM32_WPAN/App/app_ble.o
 .text.BLE_StatusNot
                0x0800683c       0x36 ./STM32_WPAN/App/app_ble.o
 *fill*         0x08006872        0x2 
 .text.myTask   0x08006874       0x44 ./STM32_WPAN/App/custom_app.o
                0x08006874                myTask
 .text.Custom_STM_App_Notification
                0x080068b8       0x38 ./STM32_WPAN/App/custom_app.o
                0x080068b8                Custom_STM_App_Notification
 .text.Custom_APP_Notification
                0x080068f0       0x28 ./STM32_WPAN/App/custom_app.o
                0x080068f0                Custom_APP_Notification
 .text.Custom_APP_Init
                0x08006918        0xe ./STM32_WPAN/App/custom_app.o
                0x08006918                Custom_APP_Init
 *fill*         0x08006926        0x2 
 .text.Custom_Mycharnotify_Update_Char
                0x08006928       0x28 ./STM32_WPAN/App/custom_app.o
 .text.Custom_STM_Event_Handler
                0x08006950      0x150 ./STM32_WPAN/App/custom_stm.o
 .text.SVCCTL_InitCustomSvc
                0x08006aa0      0x160 ./STM32_WPAN/App/custom_stm.o
                0x08006aa0                SVCCTL_InitCustomSvc
 .text.Custom_STM_App_Update_Char
                0x08006c00       0x74 ./STM32_WPAN/App/custom_stm.o
                0x08006c00                Custom_STM_App_Update_Char
 .text.LL_PWR_EnableBootC2
                0x08006c74       0x20 ./STM32_WPAN/Target/hw_ipcc.o
 .text.LL_C2_EXTI_EnableEvent_32_63
                0x08006c94       0x28 ./STM32_WPAN/Target/hw_ipcc.o
 .text.LL_EXTI_EnableRisingTrig_32_63
                0x08006cbc       0x24 ./STM32_WPAN/Target/hw_ipcc.o
 .text.LL_AHB3_GRP1_EnableClock
                0x08006ce0       0x32 ./STM32_WPAN/Target/hw_ipcc.o
 .text.LL_C2_AHB3_GRP1_EnableClock
                0x08006d12       0x38 ./STM32_WPAN/Target/hw_ipcc.o
 .text.LL_C1_IPCC_EnableIT_TXF
                0x08006d4a       0x20 ./STM32_WPAN/Target/hw_ipcc.o
 .text.LL_C1_IPCC_EnableIT_RXO
                0x08006d6a       0x20 ./STM32_WPAN/Target/hw_ipcc.o
 .text.LL_C1_IPCC_EnableTransmitChannel
                0x08006d8a       0x26 ./STM32_WPAN/Target/hw_ipcc.o
 .text.LL_C1_IPCC_DisableTransmitChannel
                0x08006db0       0x24 ./STM32_WPAN/Target/hw_ipcc.o
 .text.LL_C1_IPCC_EnableReceiveChannel
                0x08006dd4       0x24 ./STM32_WPAN/Target/hw_ipcc.o
 .text.LL_C1_IPCC_ClearFlag_CHx
                0x08006df8       0x1c ./STM32_WPAN/Target/hw_ipcc.o
 .text.LL_C1_IPCC_SetFlag_CHx
                0x08006e14       0x1e ./STM32_WPAN/Target/hw_ipcc.o
 .text.LL_C1_IPCC_IsActiveFlag_CHx
                0x08006e32       0x2a ./STM32_WPAN/Target/hw_ipcc.o
 .text.LL_C2_IPCC_IsActiveFlag_CHx
                0x08006e5c       0x2a ./STM32_WPAN/Target/hw_ipcc.o
 *fill*         0x08006e86        0x2 
 .text.HW_IPCC_Rx_Handler
                0x08006e88       0x6c ./STM32_WPAN/Target/hw_ipcc.o
                0x08006e88                HW_IPCC_Rx_Handler
 .text.HW_IPCC_Tx_Handler
                0x08006ef4       0x6c ./STM32_WPAN/Target/hw_ipcc.o
                0x08006ef4                HW_IPCC_Tx_Handler
 .text.HW_IPCC_Enable
                0x08006f60       0x28 ./STM32_WPAN/Target/hw_ipcc.o
                0x08006f60                HW_IPCC_Enable
 .text.HW_IPCC_Init
                0x08006f88       0x2c ./STM32_WPAN/Target/hw_ipcc.o
                0x08006f88                HW_IPCC_Init
 .text.HW_IPCC_BLE_Init
                0x08006fb4       0x14 ./STM32_WPAN/Target/hw_ipcc.o
                0x08006fb4                HW_IPCC_BLE_Init
 .text.HW_IPCC_BLE_SendCmd
                0x08006fc8       0x14 ./STM32_WPAN/Target/hw_ipcc.o
                0x08006fc8                HW_IPCC_BLE_SendCmd
 .text.HW_IPCC_BLE_EvtHandler
                0x08006fdc       0x18 ./STM32_WPAN/Target/hw_ipcc.o
 .text.HW_IPCC_BLE_AclDataEvtHandler
                0x08006ff4       0x18 ./STM32_WPAN/Target/hw_ipcc.o
 .text.HW_IPCC_SYS_Init
                0x0800700c       0x14 ./STM32_WPAN/Target/hw_ipcc.o
                0x0800700c                HW_IPCC_SYS_Init
 .text.HW_IPCC_SYS_SendCmd
                0x08007020       0x1c ./STM32_WPAN/Target/hw_ipcc.o
                0x08007020                HW_IPCC_SYS_SendCmd
 .text.HW_IPCC_SYS_CmdEvtHandler
                0x0800703c       0x18 ./STM32_WPAN/Target/hw_ipcc.o
 .text.HW_IPCC_SYS_EvtHandler
                0x08007054       0x18 ./STM32_WPAN/Target/hw_ipcc.o
 .text.HW_IPCC_MM_SendFreeBuf
                0x0800706c       0x44 ./STM32_WPAN/Target/hw_ipcc.o
                0x0800706c                HW_IPCC_MM_SendFreeBuf
 .text.HW_IPCC_MM_FreeBufHandler
                0x080070b0       0x28 ./STM32_WPAN/Target/hw_ipcc.o
 .text.HW_IPCC_TRACES_Init
                0x080070d8       0x14 ./STM32_WPAN/Target/hw_ipcc.o
                0x080070d8                HW_IPCC_TRACES_Init
 .text.HW_IPCC_TRACES_EvtHandler
                0x080070ec       0x18 ./STM32_WPAN/Target/hw_ipcc.o
 .text.UTIL_LPM_Init
                0x08007104       0x24 ./Utilities/lpm/tiny_lpm/stm32_lpm.o
                0x08007104                UTIL_LPM_Init
 .text.UTIL_LPM_SetOffMode
                0x08007128       0x60 ./Utilities/lpm/tiny_lpm/stm32_lpm.o
                0x08007128                UTIL_LPM_SetOffMode
 .text.UTIL_SEQ_Run
                0x08007188      0x1f8 ./Utilities/sequencer/stm32_seq.o
                0x08007188                UTIL_SEQ_Run
 .text.UTIL_SEQ_RegTask
                0x08007380       0x44 ./Utilities/sequencer/stm32_seq.o
                0x08007380                UTIL_SEQ_RegTask
 .text.UTIL_SEQ_SetTask
                0x080073c4       0x58 ./Utilities/sequencer/stm32_seq.o
                0x080073c4                UTIL_SEQ_SetTask
 .text.UTIL_SEQ_PauseTask
                0x0800741c       0x40 ./Utilities/sequencer/stm32_seq.o
                0x0800741c                UTIL_SEQ_PauseTask
 .text.UTIL_SEQ_ResumeTask
                0x0800745c       0x40 ./Utilities/sequencer/stm32_seq.o
                0x0800745c                UTIL_SEQ_ResumeTask
 .text.UTIL_SEQ_SetEvt
                0x0800749c       0x40 ./Utilities/sequencer/stm32_seq.o
                0x0800749c                UTIL_SEQ_SetEvt
 .text.UTIL_SEQ_WaitEvt
                0x080074dc       0x94 ./Utilities/sequencer/stm32_seq.o
                0x080074dc                UTIL_SEQ_WaitEvt
 .text.UTIL_SEQ_PreIdle
                0x08007570        0xe ./Utilities/sequencer/stm32_seq.o
                0x08007570                UTIL_SEQ_PreIdle
 .text.UTIL_SEQ_PostIdle
                0x0800757e        0xe ./Utilities/sequencer/stm32_seq.o
                0x0800757e                UTIL_SEQ_PostIdle
 .text.SEQ_BitPosition
                0x0800758c       0x70 ./Utilities/sequencer/stm32_seq.o
                0x0800758c                SEQ_BitPosition
 .text.memset   0x080075fc       0x10 D:/stm/STM32CubeIDE_1.16.0/STM32CubeIDE/plugins/com.st.stm32cube.ide.mcu.externaltools.gnu-tools-for-stm32.12.3.rel1.win32_1.0.200.202406191623/tools/bin/../lib/gcc/arm-none-eabi/12.3.1/../../../../arm-none-eabi/lib/thumb/v7e-m+fp/hard\libc_nano.a(libc_a-memset.o)
                0x080075fc                memset
 .text.__libc_init_array
                0x0800760c       0x48 D:/stm/STM32CubeIDE_1.16.0/STM32CubeIDE/plugins/com.st.stm32cube.ide.mcu.externaltools.gnu-tools-for-stm32.12.3.rel1.win32_1.0.200.202406191623/tools/bin/../lib/gcc/arm-none-eabi/12.3.1/../../../../arm-none-eabi/lib/thumb/v7e-m+fp/hard\libc_nano.a(libc_a-init.o)
                0x0800760c                __libc_init_array
 .text.memcpy   0x08007654       0x1c D:/stm/STM32CubeIDE_1.16.0/STM32CubeIDE/plugins/com.st.stm32cube.ide.mcu.externaltools.gnu-tools-for-stm32.12.3.rel1.win32_1.0.200.202406191623/tools/bin/../lib/gcc/arm-none-eabi/12.3.1/../../../../arm-none-eabi/lib/thumb/v7e-m+fp/hard\libc_nano.a(libc_a-memcpy-stub.o)
                0x08007654                memcpy
 *(.glue_7)
 .glue_7        0x08007670        0x0 linker stubs
 *(.glue_7t)
 .glue_7t       0x08007670        0x0 linker stubs
 *(.eh_frame)
 .eh_frame      0x08007670        0x0 D:/stm/STM32CubeIDE_1.16.0/STM32CubeIDE/plugins/com.st.stm32cube.ide.mcu.externaltools.gnu-tools-for-stm32.12.3.rel1.win32_1.0.200.202406191623/tools/bin/../lib/gcc/arm-none-eabi/12.3.1/thumb/v7e-m+fp/hard/crtbegin.o
 *(.init)
 .init          0x08007670        0x4 D:/stm/STM32CubeIDE_1.16.0/STM32CubeIDE/plugins/com.st.stm32cube.ide.mcu.externaltools.gnu-tools-for-stm32.12.3.rel1.win32_1.0.200.202406191623/tools/bin/../lib/gcc/arm-none-eabi/12.3.1/thumb/v7e-m+fp/hard/crti.o
                0x08007670                _init
 .init          0x08007674        0x8 D:/stm/STM32CubeIDE_1.16.0/STM32CubeIDE/plugins/com.st.stm32cube.ide.mcu.externaltools.gnu-tools-for-stm32.12.3.rel1.win32_1.0.200.202406191623/tools/bin/../lib/gcc/arm-none-eabi/12.3.1/thumb/v7e-m+fp/hard/crtn.o
 *(.fini)
 .fini          0x0800767c        0x4 D:/stm/STM32CubeIDE_1.16.0/STM32CubeIDE/plugins/com.st.stm32cube.ide.mcu.externaltools.gnu-tools-for-stm32.12.3.rel1.win32_1.0.200.202406191623/tools/bin/../lib/gcc/arm-none-eabi/12.3.1/thumb/v7e-m+fp/hard/crti.o
                0x0800767c                _fini
 .fini          0x08007680        0x8 D:/stm/STM32CubeIDE_1.16.0/STM32CubeIDE/plugins/com.st.stm32cube.ide.mcu.externaltools.gnu-tools-for-stm32.12.3.rel1.win32_1.0.200.202406191623/tools/bin/../lib/gcc/arm-none-eabi/12.3.1/thumb/v7e-m+fp/hard/crtn.o
                0x08007688                        . = ALIGN (0x4)
                0x08007688                        _etext = .

.vfp11_veneer   0x08007688        0x0
 .vfp11_veneer  0x08007688        0x0 linker stubs

.v4_bx          0x08007688        0x0
 .v4_bx         0x08007688        0x0 linker stubs

.iplt           0x08007688        0x0
 .iplt          0x08007688        0x0 D:/stm/STM32CubeIDE_1.16.0/STM32CubeIDE/plugins/com.st.stm32cube.ide.mcu.externaltools.gnu-tools-for-stm32.12.3.rel1.win32_1.0.200.202406191623/tools/bin/../lib/gcc/arm-none-eabi/12.3.1/thumb/v7e-m+fp/hard/crtbegin.o

.rodata         0x08007688      0x278
                0x08007688                        . = ALIGN (0x4)
 *(.rodata)
 .rodata        0x08007688       0x1b ./Core/Src/app_debug.o
 *fill*         0x080076a3        0x1 
 .rodata        0x080076a4       0x2c ./Drivers/STM32WBxx_HAL_Driver/Src/stm32wbxx_hal_rcc.o
 .rodata        0x080076d0       0x45 ./STM32_WPAN/App/app_ble.o
 *(.rodata*)
 *fill*         0x08007715        0x3 
 .rodata.aGpioConfigList
                0x08007718      0x130 ./Core/Src/app_debug.o
 .rodata.AHBPrescTable
                0x08007848       0x40 ./Core/Src/system_stm32wbxx.o
                0x08007848                AHBPrescTable
 .rodata.MSIRangeTable
                0x08007888       0x40 ./Core/Src/system_stm32wbxx.o
                0x08007888                MSIRangeTable
 .rodata.a_MBdAddr
                0x080078c8        0x6 ./STM32_WPAN/App/app_ble.o
 *fill*         0x080078ce        0x2 
 .rodata.a_BLE_CfgIrValue
                0x080078d0       0x10 ./STM32_WPAN/App/app_ble.o
 .rodata.a_BLE_CfgErValue
                0x080078e0       0x10 ./STM32_WPAN/App/app_ble.o
 .rodata.SEQ_clz_table_4bit
                0x080078f0       0x10 ./Utilities/sequencer/stm32_seq.o
                0x080078f0                SEQ_clz_table_4bit
                0x08007900                        . = ALIGN (0x4)

.ARM.extab
 *(.ARM.extab* .gnu.linkonce.armextab.*)

.ARM            0x08007900        0x8
                0x08007900                        __exidx_start = .
 *(.ARM.exidx*)
 .ARM.exidx     0x08007900        0x8 D:/stm/STM32CubeIDE_1.16.0/STM32CubeIDE/plugins/com.st.stm32cube.ide.mcu.externaltools.gnu-tools-for-stm32.12.3.rel1.win32_1.0.200.202406191623/tools/bin/../lib/gcc/arm-none-eabi/12.3.1/../../../../arm-none-eabi/lib/thumb/v7e-m+fp/hard\libc_nano.a(libc_a-strlen.o)
                0x08007908                        __exidx_end = .

.preinit_array  0x08007908        0x0
                0x08007908                        PROVIDE (__preinit_array_start = .)
 *(.preinit_array*)
                0x08007908                        PROVIDE (__preinit_array_end = .)

.init_array     0x08007908        0x4
                0x08007908                        PROVIDE (__init_array_start = .)
 *(SORT_BY_NAME(.init_array.*))
 *(.init_array*)
 .init_array    0x08007908        0x4 D:/stm/STM32CubeIDE_1.16.0/STM32CubeIDE/plugins/com.st.stm32cube.ide.mcu.externaltools.gnu-tools-for-stm32.12.3.rel1.win32_1.0.200.202406191623/tools/bin/../lib/gcc/arm-none-eabi/12.3.1/thumb/v7e-m+fp/hard/crtbegin.o
                0x0800790c                        PROVIDE (__init_array_end = .)

.fini_array     0x0800790c        0x4
                [!provide]                        PROVIDE (__fini_array_start = .)
 *(SORT_BY_NAME(.fini_array.*))
 *(.fini_array*)
 .fini_array    0x0800790c        0x4 D:/stm/STM32CubeIDE_1.16.0/STM32CubeIDE/plugins/com.st.stm32cube.ide.mcu.externaltools.gnu-tools-for-stm32.12.3.rel1.win32_1.0.200.202406191623/tools/bin/../lib/gcc/arm-none-eabi/12.3.1/thumb/v7e-m+fp/hard/crtbegin.o
                [!provide]                        PROVIDE (__fini_array_end = .)
                0x08007910                        _sidata = LOADADDR (.data)

.rel.dyn        0x08007910        0x0
 .rel.iplt      0x08007910        0x0 D:/stm/STM32CubeIDE_1.16.0/STM32CubeIDE/plugins/com.st.stm32cube.ide.mcu.externaltools.gnu-tools-for-stm32.12.3.rel1.win32_1.0.200.202406191623/tools/bin/../lib/gcc/arm-none-eabi/12.3.1/thumb/v7e-m+fp/hard/crtbegin.o

.data           0x20000008       0x24 load address 0x08007910
                0x20000008                        . = ALIGN (0x4)
                0x20000008                        _sdata = .
 *(.data)
 *(.data*)
 .data.SystemCoreClock
                0x20000008        0x4 ./Core/Src/system_stm32wbxx.o
                0x20000008                SystemCoreClock
 .data.uwTickPrio
                0x2000000c        0x4 ./Drivers/STM32WBxx_HAL_Driver/Src/stm32wbxx_hal.o
                0x2000000c                uwTickPrio
 .data.uwTickFreq
                0x20000010        0x1 ./Drivers/STM32WBxx_HAL_Driver/Src/stm32wbxx_hal.o
                0x20000010                uwTickFreq
 *fill*         0x20000011        0x3 
 .data.a_AdvData
                0x20000014        0xb ./STM32_WPAN/App/app_ble.o
                0x20000014                a_AdvData
 *fill*         0x2000001f        0x1 
 .data.SizeMycharwrite
                0x20000020        0x2 ./STM32_WPAN/App/custom_stm.o
                0x20000020                SizeMycharwrite
 .data.SizeMycharnotify
                0x20000022        0x2 ./STM32_WPAN/App/custom_stm.o
                0x20000022                SizeMycharnotify
 .data.TaskMask
                0x20000024        0x4 ./Utilities/sequencer/stm32_seq.o
 .data.SuperMask
                0x20000028        0x4 ./Utilities/sequencer/stm32_seq.o
 *(.RamFunc)
 *(.RamFunc*)
                0x2000002c                        . = ALIGN (0x4)
                0x2000002c                        _edata = .

.igot.plt       0x2000002c        0x0 load address 0x08007934
 .igot.plt      0x2000002c        0x0 D:/stm/STM32CubeIDE_1.16.0/STM32CubeIDE/plugins/com.st.stm32cube.ide.mcu.externaltools.gnu-tools-for-stm32.12.3.rel1.win32_1.0.200.202406191623/tools/bin/../lib/gcc/arm-none-eabi/12.3.1/thumb/v7e-m+fp/hard/crtbegin.o

BLE_DRIVER_CONTEXT
                0x2000002c       0x35 load address 0x08007934
 BLE_DRIVER_CONTEXT
                0x2000002c       0x21 ./Middlewares/ST/STM32_WPAN/ble/svc/Src/svc_ctl.o
                0x2000002c                SVCCTL_EvtHandler
                0x2000004c                SVCCTL_CltHandler
 *fill*         0x2000004d        0x3 
 BLE_DRIVER_CONTEXT
                0x20000050       0x11 ./Middlewares/ST/STM32_WPAN/interface/patterns/ble_thread/tl/hci_tl.o
                0x20000060                UserEventFlow

SYSTEM_DRIVER_CONTEXT
                0x20000064       0x11 load address 0x08007969
 SYSTEM_DRIVER_CONTEXT
                0x20000064       0x11 ./Middlewares/ST/STM32_WPAN/interface/patterns/ble_thread/tl/shci_tl.o
                0x20000074                SHCI_TL_UserEventFlow
                0x20000078                        . = ALIGN (0x4)

.bss            0x20000078      0x4d8 load address 0x0800797a
                0x20000078                        _sbss = .
                0x20000078                        __bss_start__ = _sbss
 *(.bss)
 .bss           0x20000078       0x1c D:/stm/STM32CubeIDE_1.16.0/STM32CubeIDE/plugins/com.st.stm32cube.ide.mcu.externaltools.gnu-tools-for-stm32.12.3.rel1.win32_1.0.200.202406191623/tools/bin/../lib/gcc/arm-none-eabi/12.3.1/thumb/v7e-m+fp/hard/crtbegin.o
 *(.bss*)
 .bss.aTimerContext
                0x20000094       0x90 ./Core/Src/hw_timerserver.o
 .bss.CurrentRunningTimerID
                0x20000124        0x1 ./Core/Src/hw_timerserver.o
 .bss.PreviousRunningTimerID
                0x20000125        0x1 ./Core/Src/hw_timerserver.o
 *fill*         0x20000126        0x2 
 .bss.SSRValueOnLastSetup
                0x20000128        0x4 ./Core/Src/hw_timerserver.o
 .bss.WakeupTimerLimitation
                0x2000012c        0x1 ./Core/Src/hw_timerserver.o
 .bss.WakeupTimerDivider
                0x2000012d        0x1 ./Core/Src/hw_timerserver.o
 .bss.AsynchPrescalerUserConfig
                0x2000012e        0x1 ./Core/Src/hw_timerserver.o
 *fill*         0x2000012f        0x1 
 .bss.SynchPrescalerUserConfig
                0x20000130        0x2 ./Core/Src/hw_timerserver.o
 .bss.MaxWakeupTimerSetup
                0x20000132        0x2 ./Core/Src/hw_timerserver.o
 .bss.hipcc     0x20000134       0x3c ./Core/Src/main.o
                0x20000134                hipcc
 .bss.hrtc      0x20000170       0x24 ./Core/Src/main.o
                0x20000170                hrtc
 .bss.uwTick    0x20000194        0x4 ./Drivers/STM32WBxx_HAL_Driver/Src/stm32wbxx_hal.o
                0x20000194                uwTick
 .bss.hciContext
                0x20000198       0x20 ./Middlewares/ST/STM32_WPAN/interface/patterns/ble_thread/tl/hci_tl.o
 .bss.HciCmdEventQueue
                0x200001b8        0x8 ./Middlewares/ST/STM32_WPAN/interface/patterns/ble_thread/tl/hci_tl.o
 .bss.StatusNotCallBackFunction
                0x200001c0        0x4 ./Middlewares/ST/STM32_WPAN/interface/patterns/ble_thread/tl/hci_tl.o
 .bss.CmdRspStatusFlag
                0x200001c4        0x1 ./Middlewares/ST/STM32_WPAN/interface/patterns/ble_thread/tl/hci_tl.o
 *fill*         0x200001c5        0x3 
 .bss.shciContext
                0x200001c8       0x20 ./Middlewares/ST/STM32_WPAN/interface/patterns/ble_thread/tl/shci_tl.o
 .bss.StatusNotCallBackFunction
                0x200001e8        0x4 ./Middlewares/ST/STM32_WPAN/interface/patterns/ble_thread/tl/shci_tl.o
 .bss.CmdRspStatusFlag
                0x200001ec        0x1 ./Middlewares/ST/STM32_WPAN/interface/patterns/ble_thread/tl/shci_tl.o
 *fill*         0x200001ed        0x3 
 .bss.LocalFreeBufQueue
                0x200001f0        0x8 ./Middlewares/ST/STM32_WPAN/interface/patterns/ble_thread/tl/tl_mbox.o
 .bss.BLE_IoBusEvtCallBackFunction
                0x200001f8        0x4 ./Middlewares/ST/STM32_WPAN/interface/patterns/ble_thread/tl/tl_mbox.o
 .bss.BLE_IoBusAclDataTxAck
                0x200001fc        0x4 ./Middlewares/ST/STM32_WPAN/interface/patterns/ble_thread/tl/tl_mbox.o
 .bss.SYS_CMD_IoBusCallBackFunction
                0x20000200        0x4 ./Middlewares/ST/STM32_WPAN/interface/patterns/ble_thread/tl/tl_mbox.o
 .bss.SYS_EVT_IoBusCallBackFunction
                0x20000204        0x4 ./Middlewares/ST/STM32_WPAN/interface/patterns/ble_thread/tl/tl_mbox.o
 .bss.p_mem_manager_table.0
                0x20000208        0x4 ./Middlewares/ST/STM32_WPAN/interface/patterns/ble_thread/tl/tl_mbox.o
 .bss.a_BdAddrUdn
                0x2000020c        0x6 ./STM32_WPAN/App/app_ble.o
 *fill*         0x20000212        0x2 
 .bss.BleApplicationContext
                0x20000214       0x84 ./STM32_WPAN/App/app_ble.o
 .bss.HandleNotification
                0x20000298        0x4 ./STM32_WPAN/App/app_ble.o
                0x20000298                HandleNotification
 .bss.UpdateCharData
                0x2000029c      0x200 ./STM32_WPAN/App/custom_app.o
                0x2000029c                UpdateCharData
 .bss.CustomContext
                0x2000049c        0x6 ./STM32_WPAN/App/custom_stm.o
 *fill*         0x200004a2        0x2 
 .bss.FreeBufCb
                0x200004a4        0x4 ./STM32_WPAN/Target/hw_ipcc.o
 .bss.StopModeDisable
                0x200004a8        0x4 ./Utilities/lpm/tiny_lpm/stm32_lpm.o
 .bss.OffModeDisable
                0x200004ac        0x4 ./Utilities/lpm/tiny_lpm/stm32_lpm.o
 .bss.TaskSet   0x200004b0        0x4 ./Utilities/sequencer/stm32_seq.o
 .bss.EvtSet    0x200004b4        0x4 ./Utilities/sequencer/stm32_seq.o
 .bss.EvtWaited
                0x200004b8        0x4 ./Utilities/sequencer/stm32_seq.o
 .bss.CurrentTaskIdx
                0x200004bc        0x4 ./Utilities/sequencer/stm32_seq.o
 .bss.TaskCb    0x200004c0       0x80 ./Utilities/sequencer/stm32_seq.o
 .bss.TaskPrio  0x20000540       0x10 ./Utilities/sequencer/stm32_seq.o
 *(COMMON)
                0x20000550                        . = ALIGN (0x4)
                0x20000550                        _ebss = .
                0x20000550                        __bss_end__ = _ebss

._user_heap_stack
                0x20000550      0x600 load address 0x0800797a
                0x20000550                        . = ALIGN (0x8)
                [!provide]                        PROVIDE (end = .)
                0x20000550                        PROVIDE (_end = .)
                0x20000750                        . = (. + _Min_Heap_Size)
 *fill*         0x20000550      0x200 
                0x20000b50                        . = (. + _Min_Stack_Size)
 *fill*         0x20000750      0x400 
                0x20000b50                        . = ALIGN (0x8)

/DISCARD/
 libc.a(*)
 libm.a(*)
 libgcc.a(*)

.ARM.attributes
                0x00000000       0x30
 *(.ARM.attributes)
 .ARM.attributes
                0x00000000       0x22 D:/stm/STM32CubeIDE_1.16.0/STM32CubeIDE/plugins/com.st.stm32cube.ide.mcu.externaltools.gnu-tools-for-stm32.12.3.rel1.win32_1.0.200.202406191623/tools/bin/../lib/gcc/arm-none-eabi/12.3.1/thumb/v7e-m+fp/hard/crti.o
 .ARM.attributes
                0x00000022       0x34 D:/stm/STM32CubeIDE_1.16.0/STM32CubeIDE/plugins/com.st.stm32cube.ide.mcu.externaltools.gnu-tools-for-stm32.12.3.rel1.win32_1.0.200.202406191623/tools/bin/../lib/gcc/arm-none-eabi/12.3.1/thumb/v7e-m+fp/hard/crtbegin.o
 .ARM.attributes
                0x00000056       0x34 ./Core/Src/app_debug.o
 .ARM.attributes
                0x0000008a       0x34 ./Core/Src/app_entry.o
 .ARM.attributes
                0x000000be       0x34 ./Core/Src/hw_timerserver.o
 .ARM.attributes
                0x000000f2       0x34 ./Core/Src/main.o
 .ARM.attributes
                0x00000126       0x34 ./Core/Src/stm32wbxx_hal_msp.o
 .ARM.attributes
                0x0000015a       0x34 ./Core/Src/stm32wbxx_it.o
 .ARM.attributes
                0x0000018e       0x34 ./Core/Src/system_stm32wbxx.o
 .ARM.attributes
                0x000001c2       0x21 ./Core/Startup/startup_stm32wb55rgvx.o
 .ARM.attributes
                0x000001e3       0x34 ./Drivers/STM32WBxx_HAL_Driver/Src/stm32wbxx_hal.o
 .ARM.attributes
                0x00000217       0x34 ./Drivers/STM32WBxx_HAL_Driver/Src/stm32wbxx_hal_cortex.o
 .ARM.attributes
                0x0000024b       0x34 ./Drivers/STM32WBxx_HAL_Driver/Src/stm32wbxx_hal_gpio.o
 .ARM.attributes
                0x0000027f       0x34 ./Drivers/STM32WBxx_HAL_Driver/Src/stm32wbxx_hal_hsem.o
 .ARM.attributes
                0x000002b3       0x34 ./Drivers/STM32WBxx_HAL_Driver/Src/stm32wbxx_hal_ipcc.o
 .ARM.attributes
                0x000002e7       0x34 ./Drivers/STM32WBxx_HAL_Driver/Src/stm32wbxx_hal_pwr.o
 .ARM.attributes
                0x0000031b       0x34 ./Drivers/STM32WBxx_HAL_Driver/Src/stm32wbxx_hal_pwr_ex.o
 .ARM.attributes
                0x0000034f       0x34 ./Drivers/STM32WBxx_HAL_Driver/Src/stm32wbxx_hal_rcc.o
 .ARM.attributes
                0x00000383       0x34 ./Drivers/STM32WBxx_HAL_Driver/Src/stm32wbxx_hal_rcc_ex.o
 .ARM.attributes
                0x000003b7       0x34 ./Drivers/STM32WBxx_HAL_Driver/Src/stm32wbxx_hal_rtc.o
 .ARM.attributes
                0x000003eb       0x34 ./Drivers/STM32WBxx_HAL_Driver/Src/stm32wbxx_hal_rtc_ex.o
 .ARM.attributes
                0x0000041f       0x34 ./Middlewares/ST/STM32_WPAN/ble/core/auto/ble_gap_aci.o
 .ARM.attributes
                0x00000453       0x34 ./Middlewares/ST/STM32_WPAN/ble/core/auto/ble_gatt_aci.o
 .ARM.attributes
                0x00000487       0x34 ./Middlewares/ST/STM32_WPAN/ble/core/auto/ble_hal_aci.o
 .ARM.attributes
                0x000004bb       0x34 ./Middlewares/ST/STM32_WPAN/ble/core/auto/ble_hci_le.o
 .ARM.attributes
                0x000004ef       0x34 ./Middlewares/ST/STM32_WPAN/ble/core/template/osal.o
 .ARM.attributes
                0x00000523       0x34 ./Middlewares/ST/STM32_WPAN/ble/svc/Src/svc_ctl.o
 .ARM.attributes
                0x00000557       0x34 ./Middlewares/ST/STM32_WPAN/interface/patterns/ble_thread/shci/shci.o
 .ARM.attributes
                0x0000058b       0x34 ./Middlewares/ST/STM32_WPAN/interface/patterns/ble_thread/tl/hci_tl.o
 .ARM.attributes
                0x000005bf       0x34 ./Middlewares/ST/STM32_WPAN/interface/patterns/ble_thread/tl/hci_tl_if.o
 .ARM.attributes
                0x000005f3       0x34 ./Middlewares/ST/STM32_WPAN/interface/patterns/ble_thread/tl/shci_tl.o
 .ARM.attributes
                0x00000627       0x34 ./Middlewares/ST/STM32_WPAN/interface/patterns/ble_thread/tl/shci_tl_if.o
 .ARM.attributes
                0x0000065b       0x34 ./Middlewares/ST/STM32_WPAN/interface/patterns/ble_thread/tl/tl_mbox.o
 .ARM.attributes
                0x0000068f       0x34 ./Middlewares/ST/STM32_WPAN/utilities/otp.o
 .ARM.attributes
                0x000006c3       0x34 ./Middlewares/ST/STM32_WPAN/utilities/stm_list.o
 .ARM.attributes
                0x000006f7       0x34 ./STM32_WPAN/App/app_ble.o
 .ARM.attributes
                0x0000072b       0x34 ./STM32_WPAN/App/custom_app.o
 .ARM.attributes
                0x0000075f       0x34 ./STM32_WPAN/App/custom_stm.o
 .ARM.attributes
                0x00000793       0x34 ./STM32_WPAN/Target/hw_ipcc.o
 .ARM.attributes
                0x000007c7       0x34 ./Utilities/lpm/tiny_lpm/stm32_lpm.o
 .ARM.attributes
                0x000007fb       0x34 ./Utilities/sequencer/stm32_seq.o
 .ARM.attributes
                0x0000082f       0x34 D:/stm/STM32CubeIDE_1.16.0/STM32CubeIDE/plugins/com.st.stm32cube.ide.mcu.externaltools.gnu-tools-for-stm32.12.3.rel1.win32_1.0.200.202406191623/tools/bin/../lib/gcc/arm-none-eabi/12.3.1/../../../../arm-none-eabi/lib/thumb/v7e-m+fp/hard\libc_nano.a(libc_a-memset.o)
 .ARM.attributes
                0x00000863       0x34 D:/stm/STM32CubeIDE_1.16.0/STM32CubeIDE/plugins/com.st.stm32cube.ide.mcu.externaltools.gnu-tools-for-stm32.12.3.rel1.win32_1.0.200.202406191623/tools/bin/../lib/gcc/arm-none-eabi/12.3.1/../../../../arm-none-eabi/lib/thumb/v7e-m+fp/hard\libc_nano.a(libc_a-init.o)
 .ARM.attributes
                0x00000897       0x34 D:/stm/STM32CubeIDE_1.16.0/STM32CubeIDE/plugins/com.st.stm32cube.ide.mcu.externaltools.gnu-tools-for-stm32.12.3.rel1.win32_1.0.200.202406191623/tools/bin/../lib/gcc/arm-none-eabi/12.3.1/../../../../arm-none-eabi/lib/thumb/v7e-m+fp/hard\libc_nano.a(libc_a-memcpy-stub.o)
 .ARM.attributes
                0x000008cb       0x17 D:/stm/STM32CubeIDE_1.16.0/STM32CubeIDE/plugins/com.st.stm32cube.ide.mcu.externaltools.gnu-tools-for-stm32.12.3.rel1.win32_1.0.200.202406191623/tools/bin/../lib/gcc/arm-none-eabi/12.3.1/../../../../arm-none-eabi/lib/thumb/v7e-m+fp/hard\libc_nano.a(libc_a-strlen.o)
 .ARM.attributes
                0x000008e2       0x22 D:/stm/STM32CubeIDE_1.16.0/STM32CubeIDE/plugins/com.st.stm32cube.ide.mcu.externaltools.gnu-tools-for-stm32.12.3.rel1.win32_1.0.200.202406191623/tools/bin/../lib/gcc/arm-none-eabi/12.3.1/thumb/v7e-m+fp/hard/crtn.o

MAPPING_TABLE   0x20030000       0x28
 *(MAPPING_TABLE)
 MAPPING_TABLE  0x20030000       0x28 ./Middlewares/ST/STM32_WPAN/interface/patterns/ble_thread/tl/tl_mbox.o

MB_MEM1         0x20030028      0x1bb
 *(MB_MEM1)
 MB_MEM1        0x20030028       0xb0 ./Middlewares/ST/STM32_WPAN/interface/patterns/ble_thread/tl/tl_mbox.o
 MB_MEM1        0x200300d8      0x10b ./STM32_WPAN/App/app_ble.o
                0x0800797a                        _siMB_MEM2 = LOADADDR (.MB_MEM2)

.MB_MEM2        0x200301e4      0x883 load address 0x0800797a
                0x200301e4                        _sMB_MEM2 = .
 *(MB_MEM2)
 MB_MEM2        0x200301e4       0x12 ./Core/Src/app_debug.o
 *fill*         0x200301f6        0x2 
 MB_MEM2        0x200301f8      0x85e ./Core/Src/app_entry.o
 *fill*         0x20030a56        0x2 
 MB_MEM2        0x20030a58        0xf ./Middlewares/ST/STM32_WPAN/interface/patterns/ble_thread/tl/tl_mbox.o
                0x20030a67                        _eMB_MEM2 = .
OUTPUT(level2.elf elf32-littlearm)
LOAD linker stubs
LOAD D:/stm/STM32CubeIDE_1.16.0/STM32CubeIDE/plugins/com.st.stm32cube.ide.mcu.externaltools.gnu-tools-for-stm32.12.3.rel1.win32_1.0.200.202406191623/tools/bin/../lib/gcc/arm-none-eabi/12.3.1/../../../../arm-none-eabi/lib/thumb/v7e-m+fp/hard\libc.a
LOAD D:/stm/STM32CubeIDE_1.16.0/STM32CubeIDE/plugins/com.st.stm32cube.ide.mcu.externaltools.gnu-tools-for-stm32.12.3.rel1.win32_1.0.200.202406191623/tools/bin/../lib/gcc/arm-none-eabi/12.3.1/../../../../arm-none-eabi/lib/thumb/v7e-m+fp/hard\libm.a
LOAD D:/stm/STM32CubeIDE_1.16.0/STM32CubeIDE/plugins/com.st.stm32cube.ide.mcu.externaltools.gnu-tools-for-stm32.12.3.rel1.win32_1.0.200.202406191623/tools/bin/../lib/gcc/arm-none-eabi/12.3.1/thumb/v7e-m+fp/hard\libgcc.a

.debug_info     0x00000000    0x234a3
 .debug_info    0x00000000      0xb56 ./Core/Src/app_debug.o
 .debug_info    0x00000b56     0x1bf1 ./Core/Src/app_entry.o
 .debug_info    0x00002747     0x11a8 ./Core/Src/hw_timerserver.o
 .debug_info    0x000038ef     0x11a8 ./Core/Src/main.o
 .debug_info    0x00004a97      0xdea ./Core/Src/stm32wbxx_hal_msp.o
 .debug_info    0x00005881      0x178 ./Core/Src/stm32wbxx_it.o
 .debug_info    0x000059f9      0x703 ./Core/Src/system_stm32wbxx.o
 .debug_info    0x000060fc       0x30 ./Core/Startup/startup_stm32wb55rgvx.o
 .debug_info    0x0000612c     0x12ae ./Drivers/STM32WBxx_HAL_Driver/Src/stm32wbxx_hal.o
 .debug_info    0x000073da      0xccd ./Drivers/STM32WBxx_HAL_Driver/Src/stm32wbxx_hal_cortex.o
 .debug_info    0x000080a7      0x6aa ./Drivers/STM32WBxx_HAL_Driver/Src/stm32wbxx_hal_gpio.o
 .debug_info    0x00008751      0x3bc ./Drivers/STM32WBxx_HAL_Driver/Src/stm32wbxx_hal_hsem.o
 .debug_info    0x00008b0d      0x7a3 ./Drivers/STM32WBxx_HAL_Driver/Src/stm32wbxx_hal_ipcc.o
 .debug_info    0x000092b0      0x904 ./Drivers/STM32WBxx_HAL_Driver/Src/stm32wbxx_hal_pwr.o
 .debug_info    0x00009bb4     0x105d ./Drivers/STM32WBxx_HAL_Driver/Src/stm32wbxx_hal_pwr_ex.o
 .debug_info    0x0000ac11     0x14d1 ./Drivers/STM32WBxx_HAL_Driver/Src/stm32wbxx_hal_rcc.o
 .debug_info    0x0000c0e2     0x1c40 ./Drivers/STM32WBxx_HAL_Driver/Src/stm32wbxx_hal_rcc_ex.o
 .debug_info    0x0000dd22      0xcc7 ./Drivers/STM32WBxx_HAL_Driver/Src/stm32wbxx_hal_rtc.o
 .debug_info    0x0000e9e9      0xfc6 ./Drivers/STM32WBxx_HAL_Driver/Src/stm32wbxx_hal_rtc_ex.o
 .debug_info    0x0000f9af     0x37fc ./Middlewares/ST/STM32_WPAN/ble/core/auto/ble_gap_aci.o
 .debug_info    0x000131ab     0x30a8 ./Middlewares/ST/STM32_WPAN/ble/core/auto/ble_gatt_aci.o
 .debug_info    0x00016253      0xedd ./Middlewares/ST/STM32_WPAN/ble/core/auto/ble_hal_aci.o
 .debug_info    0x00017130     0x3e3e ./Middlewares/ST/STM32_WPAN/ble/core/auto/ble_hci_le.o
 .debug_info    0x0001af6e      0x1b8 ./Middlewares/ST/STM32_WPAN/ble/core/template/osal.o
 .debug_info    0x0001b126      0x482 ./Middlewares/ST/STM32_WPAN/ble/svc/Src/svc_ctl.o
 .debug_info    0x0001b5a8     0x19fb ./Middlewares/ST/STM32_WPAN/interface/patterns/ble_thread/shci/shci.o
 .debug_info    0x0001cfa3      0x972 ./Middlewares/ST/STM32_WPAN/interface/patterns/ble_thread/tl/hci_tl.o
 .debug_info    0x0001d915      0x1e0 ./Middlewares/ST/STM32_WPAN/interface/patterns/ble_thread/tl/hci_tl_if.o
 .debug_info    0x0001daf5      0x7d8 ./Middlewares/ST/STM32_WPAN/interface/patterns/ble_thread/tl/shci_tl.o
 .debug_info    0x0001e2cd      0x1e0 ./Middlewares/ST/STM32_WPAN/interface/patterns/ble_thread/tl/shci_tl_if.o
 .debug_info    0x0001e4ad      0xd90 ./Middlewares/ST/STM32_WPAN/interface/patterns/ble_thread/tl/tl_mbox.o
 .debug_info    0x0001f23d       0xd5 ./Middlewares/ST/STM32_WPAN/utilities/otp.o
 .debug_info    0x0001f312      0x6d5 ./Middlewares/ST/STM32_WPAN/utilities/stm_list.o
 .debug_info    0x0001f9e7     0x12e6 ./STM32_WPAN/App/app_ble.o
 .debug_info    0x00020ccd      0x4e3 ./STM32_WPAN/App/custom_app.o
 .debug_info    0x000211b0      0x882 ./STM32_WPAN/App/custom_stm.o
 .debug_info    0x00021a32      0xd40 ./STM32_WPAN/Target/hw_ipcc.o
 .debug_info    0x00022772      0x3b8 ./Utilities/lpm/tiny_lpm/stm32_lpm.o
 .debug_info    0x00022b2a      0x979 ./Utilities/sequencer/stm32_seq.o

.debug_abbrev   0x00000000     0x51f0
 .debug_abbrev  0x00000000      0x255 ./Core/Src/app_debug.o
 .debug_abbrev  0x00000255      0x3ac ./Core/Src/app_entry.o
 .debug_abbrev  0x00000601      0x33a ./Core/Src/hw_timerserver.o
 .debug_abbrev  0x0000093b      0x2f3 ./Core/Src/main.o
 .debug_abbrev  0x00000c2e      0x221 ./Core/Src/stm32wbxx_hal_msp.o
 .debug_abbrev  0x00000e4f       0x88 ./Core/Src/stm32wbxx_it.o
 .debug_abbrev  0x00000ed7      0x13b ./Core/Src/system_stm32wbxx.o
 .debug_abbrev  0x00001012       0x24 ./Core/Startup/startup_stm32wb55rgvx.o
 .debug_abbrev  0x00001036      0x367 ./Drivers/STM32WBxx_HAL_Driver/Src/stm32wbxx_hal.o
 .debug_abbrev  0x0000139d      0x319 ./Drivers/STM32WBxx_HAL_Driver/Src/stm32wbxx_hal_cortex.o
 .debug_abbrev  0x000016b6      0x1e5 ./Drivers/STM32WBxx_HAL_Driver/Src/stm32wbxx_hal_gpio.o
 .debug_abbrev  0x0000189b      0x1e4 ./Drivers/STM32WBxx_HAL_Driver/Src/stm32wbxx_hal_hsem.o
 .debug_abbrev  0x00001a7f      0x252 ./Drivers/STM32WBxx_HAL_Driver/Src/stm32wbxx_hal_ipcc.o
 .debug_abbrev  0x00001cd1      0x205 ./Drivers/STM32WBxx_HAL_Driver/Src/stm32wbxx_hal_pwr.o
 .debug_abbrev  0x00001ed6      0x31c ./Drivers/STM32WBxx_HAL_Driver/Src/stm32wbxx_hal_pwr_ex.o
 .debug_abbrev  0x000021f2      0x31b ./Drivers/STM32WBxx_HAL_Driver/Src/stm32wbxx_hal_rcc.o
 .debug_abbrev  0x0000250d      0x35a ./Drivers/STM32WBxx_HAL_Driver/Src/stm32wbxx_hal_rcc_ex.o
 .debug_abbrev  0x00002867      0x1ff ./Drivers/STM32WBxx_HAL_Driver/Src/stm32wbxx_hal_rtc.o
 .debug_abbrev  0x00002a66      0x208 ./Drivers/STM32WBxx_HAL_Driver/Src/stm32wbxx_hal_rtc_ex.o
 .debug_abbrev  0x00002c6e      0x1c7 ./Middlewares/ST/STM32_WPAN/ble/core/auto/ble_gap_aci.o
 .debug_abbrev  0x00002e35      0x205 ./Middlewares/ST/STM32_WPAN/ble/core/auto/ble_gatt_aci.o
 .debug_abbrev  0x0000303a      0x1de ./Middlewares/ST/STM32_WPAN/ble/core/auto/ble_hal_aci.o
 .debug_abbrev  0x00003218      0x1d1 ./Middlewares/ST/STM32_WPAN/ble/core/auto/ble_hci_le.o
 .debug_abbrev  0x000033e9       0xcc ./Middlewares/ST/STM32_WPAN/ble/core/template/osal.o
 .debug_abbrev  0x000034b5      0x1c5 ./Middlewares/ST/STM32_WPAN/ble/svc/Src/svc_ctl.o
 .debug_abbrev  0x0000367a      0x1d7 ./Middlewares/ST/STM32_WPAN/interface/patterns/ble_thread/shci/shci.o
 .debug_abbrev  0x00003851      0x262 ./Middlewares/ST/STM32_WPAN/interface/patterns/ble_thread/tl/hci_tl.o
 .debug_abbrev  0x00003ab3       0xce ./Middlewares/ST/STM32_WPAN/interface/patterns/ble_thread/tl/hci_tl_if.o
 .debug_abbrev  0x00003b81      0x202 ./Middlewares/ST/STM32_WPAN/interface/patterns/ble_thread/tl/shci_tl.o
 .debug_abbrev  0x00003d83       0xce ./Middlewares/ST/STM32_WPAN/interface/patterns/ble_thread/tl/shci_tl_if.o
 .debug_abbrev  0x00003e51      0x27a ./Middlewares/ST/STM32_WPAN/interface/patterns/ble_thread/tl/tl_mbox.o
 .debug_abbrev  0x000040cb       0x83 ./Middlewares/ST/STM32_WPAN/utilities/otp.o
 .debug_abbrev  0x0000414e      0x189 ./Middlewares/ST/STM32_WPAN/utilities/stm_list.o
 .debug_abbrev  0x000042d7      0x343 ./STM32_WPAN/App/app_ble.o
 .debug_abbrev  0x0000461a      0x202 ./STM32_WPAN/App/custom_app.o
 .debug_abbrev  0x0000481c      0x2f1 ./STM32_WPAN/App/custom_stm.o
 .debug_abbrev  0x00004b0d      0x288 ./STM32_WPAN/Target/hw_ipcc.o
 .debug_abbrev  0x00004d95      0x1e1 ./Utilities/lpm/tiny_lpm/stm32_lpm.o
 .debug_abbrev  0x00004f76      0x27a ./Utilities/sequencer/stm32_seq.o

.debug_aranges  0x00000000     0x22a8
 .debug_aranges
                0x00000000       0x50 ./Core/Src/app_debug.o
 .debug_aranges
                0x00000050      0x110 ./Core/Src/app_entry.o
 .debug_aranges
                0x00000160       0xa8 ./Core/Src/hw_timerserver.o
 .debug_aranges
                0x00000208       0x68 ./Core/Src/main.o
 .debug_aranges
                0x00000270       0x70 ./Core/Src/stm32wbxx_hal_msp.o
 .debug_aranges
                0x000002e0       0x80 ./Core/Src/stm32wbxx_it.o
 .debug_aranges
                0x00000360       0x28 ./Core/Src/system_stm32wbxx.o
 .debug_aranges
                0x00000388       0x30 ./Core/Startup/startup_stm32wb55rgvx.o
 .debug_aranges
                0x000003b8      0x280 ./Drivers/STM32WBxx_HAL_Driver/Src/stm32wbxx_hal.o
 .debug_aranges
                0x00000638      0x118 ./Drivers/STM32WBxx_HAL_Driver/Src/stm32wbxx_hal_cortex.o
 .debug_aranges
                0x00000750       0x60 ./Drivers/STM32WBxx_HAL_Driver/Src/stm32wbxx_hal_gpio.o
 .debug_aranges
                0x000007b0       0x70 ./Drivers/STM32WBxx_HAL_Driver/Src/stm32wbxx_hal_hsem.o
 .debug_aranges
                0x00000820       0xa0 ./Drivers/STM32WBxx_HAL_Driver/Src/stm32wbxx_hal_ipcc.o
 .debug_aranges
                0x000008c0       0xd0 ./Drivers/STM32WBxx_HAL_Driver/Src/stm32wbxx_hal_pwr.o
 .debug_aranges
                0x00000990      0x288 ./Drivers/STM32WBxx_HAL_Driver/Src/stm32wbxx_hal_pwr_ex.o
 .debug_aranges
                0x00000c18      0x270 ./Drivers/STM32WBxx_HAL_Driver/Src/stm32wbxx_hal_rcc.o
 .debug_aranges
                0x00000e88      0x390 ./Drivers/STM32WBxx_HAL_Driver/Src/stm32wbxx_hal_rcc_ex.o
 .debug_aranges
                0x00001218       0xe0 ./Drivers/STM32WBxx_HAL_Driver/Src/stm32wbxx_hal_rtc.o
 .debug_aranges
                0x000012f8      0x140 ./Drivers/STM32WBxx_HAL_Driver/Src/stm32wbxx_hal_rtc_ex.o
 .debug_aranges
                0x00001438      0x1c8 ./Middlewares/ST/STM32_WPAN/ble/core/auto/ble_gap_aci.o
 .debug_aranges
                0x00001600      0x198 ./Middlewares/ST/STM32_WPAN/ble/core/auto/ble_gatt_aci.o
 .debug_aranges
                0x00001798       0xc0 ./Middlewares/ST/STM32_WPAN/ble/core/auto/ble_hal_aci.o
 .debug_aranges
                0x00001858      0x290 ./Middlewares/ST/STM32_WPAN/ble/core/auto/ble_hci_le.o
 .debug_aranges
                0x00001ae8       0x30 ./Middlewares/ST/STM32_WPAN/ble/core/template/osal.o
 .debug_aranges
                0x00001b18       0xd0 ./Middlewares/ST/STM32_WPAN/ble/svc/Src/svc_ctl.o
 .debug_aranges
                0x00001be8      0x118 ./Middlewares/ST/STM32_WPAN/interface/patterns/ble_thread/shci/shci.o
 .debug_aranges
                0x00001d00       0x68 ./Middlewares/ST/STM32_WPAN/interface/patterns/ble_thread/tl/hci_tl.o
 .debug_aranges
                0x00001d68       0x20 ./Middlewares/ST/STM32_WPAN/interface/patterns/ble_thread/tl/hci_tl_if.o
 .debug_aranges
                0x00001d88       0x68 ./Middlewares/ST/STM32_WPAN/interface/patterns/ble_thread/tl/shci_tl.o
 .debug_aranges
                0x00001df0       0x20 ./Middlewares/ST/STM32_WPAN/interface/patterns/ble_thread/tl/shci_tl_if.o
 .debug_aranges
                0x00001e10       0xa8 ./Middlewares/ST/STM32_WPAN/interface/patterns/ble_thread/tl/tl_mbox.o
 .debug_aranges
                0x00001eb8       0x20 ./Middlewares/ST/STM32_WPAN/utilities/otp.o
 .debug_aranges
                0x00001ed8       0x78 ./Middlewares/ST/STM32_WPAN/utilities/stm_list.o
 .debug_aranges
                0x00001f50       0xa0 ./STM32_WPAN/App/app_ble.o